 ServerWindow

 Timestamp is 3f952edc (Tue Oct 21 21:04:28 2003)

 Preferred load address is 00400000

 Start         Length     Name                   Class
 0001:00000000 00013208H .text                   CODE
 0001:00013210 00000015H .text$x                 CODE
 0002:00000000 00001207H .rdata                  DATA
 0002:00001208 00000028H .xdata$x                DATA
 0002:00001230 00000000H .edata                  DATA
 0003:00000000 00000004H .CRT$XCA                DATA
 0003:00000004 00000004H .CRT$XCU                DATA
 0003:00000008 00000004H .CRT$XCZ                DATA
 0003:0000000c 00000004H .CRT$XIA                DATA
 0003:00000010 00000008H .CRT$XIC                DATA
 0003:00000018 00000004H .CRT$XIY                DATA
 0003:0000001c 00000004H .CRT$XIZ                DATA
 0003:00000020 00000004H .CRT$XPA                DATA
 0003:00000024 00000004H .CRT$XPX                DATA
 0003:00000028 00000004H .CRT$XPZ                DATA
 0003:0000002c 00000004H .CRT$XTA                DATA
 0003:00000030 00000004H .CRT$XTB                DATA
 0003:00000034 00000004H .CRT$XTZ                DATA
 0003:00000040 00000bfcH .data                   DATA
 0003:00000c40 0000483cH .bss                    DATA
 0004:00000000 00000050H .idata$2                DATA
 0004:00000050 00000014H .idata$3                DATA
 0004:00000064 000001d0H .idata$4                DATA
 0004:00000234 000001d0H .idata$5                DATA
 0004:00000404 00000692H .idata$6                DATA
 0005:00000000 00000160H .rsrc$01                DATA
 0005:00000160 00000588H .rsrc$02                DATA

  Address         Publics by Value              Rva+Base     Lib:Object

 0001:00000000       _Add_Command               00401000 f   Command.obj
 0001:00000060       _Clear_Command             00401060 f   Command.obj
 0001:000000a0       _Add_Gdi                   004010a0 f   Gdi.obj
 0001:000001f0       _Clear_Gdi                 004011f0 f   Gdi.obj
 0001:000002a0       _HuffmanInitArrays         004012a0 f   HuffCompress.obj
 0001:000002e0       _HuffmanBuildArrays        004012e0 f   HuffCompress.obj
 0001:00000360       _HuffmanBuildByteTree      00401360 f   HuffCompress.obj
 0001:00000430       _HuffmanQuickSortA         00401430 f   HuffCompress.obj
 0001:000004e0       _HuffmanQuickSortD         004014e0 f   HuffCompress.obj
 0001:00000590       _HuffmanBuildCodes         00401590 f   HuffCompress.obj
 0001:00000670       _HuffmanDictionary         00401670 f   HuffCompress.obj
 0001:000006f0       _HuffmanCountCompress      004016f0 f   HuffCompress.obj
 0001:00000790       _HuffmanCompress           00401790 f   HuffCompress.obj
 0001:00000900       _HuffmanGetSize            00401900 f   HuffCompress.obj
 0001:00000920       _HuffmanUnCompress         00401920 f   HuffCompress.obj
 0001:00000a30       _D2W                       00401a30 f   HuffCompress.obj
 0001:00000a60       _W2D                       00401a60 f   HuffCompress.obj
 0001:00000a90       ??0CMainWnd@@QAE@XZ        00401a90 f   MainWnd.obj
 0001:00000ab0       ??1CMainWnd@@QAE@XZ        00401ab0 f   MainWnd.obj
 0001:00000b00       ??_GCMainWnd@@QAEPAXI@Z    00401b00 f i MainWnd.obj
 0001:00000b40       ?SetInstance@CMainWnd@@QAEXPAUHINSTANCE__@@@Z 00401b40 f   MainWnd.obj
 0001:00000b60       ?OnCreate@CMainWnd@@QAEHPAUHWND__@@PAUtagCREATESTRUCTA@@@Z 00401b60 f   MainWnd.obj
 0001:00000c80       ?OnDestroy@CMainWnd@@QAEXPAUHWND__@@@Z 00401c80 f   MainWnd.obj
 0001:00000cc0       ?OnGetMinMaxInfo@CMainWnd@@QAEXPAUHWND__@@PAUtagMINMAXINFO@@@Z 00401cc0 f   MainWnd.obj
 0001:00000d30       ?OnKeyDown@CMainWnd@@QAEXPAUHWND__@@IHHI@Z 00401d30 f   MainWnd.obj
 0001:00000d70       ?SettingItemProc@@YGHPAUHWND__@@IIJ@Z 00401d70 f   MainWnd.obj
 0001:00000e50       ?OnCommand@CMainWnd@@QAEXPAUHWND__@@H0I@Z 00401e50 f   MainWnd.obj
 0001:00000ff0       ?GetLocalHostName@CMainWnd@@QAEHPAD@Z 00401ff0 f   MainWnd.obj
 0001:00001060       ?GetIpAddress@CMainWnd@@QAEHPAD0@Z 00402060 f   MainWnd.obj
 0001:000010e0       ?GetIpAddress@CMainWnd@@QAEHPADPAE111@Z 004020e0 f   MainWnd.obj
 0001:00001170       _RunLength                 00402170 f   RLE.obj
 0001:00001270       _RunLengthEncode           00402270 f   RLE.obj
 0001:00001390       _RunLengthDecode           00402390 f   RLE.obj
 0001:00001420       _LoadWinsock@4             00402420 f   Server.obj
 0001:000016b0       _ClientThread@4            004026b0 f   Server.obj
 0001:000018f0       _DispatchWMMessage         004028f0 f   Server.obj
 0001:00002380       _InitDisplay               00403380 f   Server.obj
 0001:00002750       _ClearDisplay              00403750 f   Server.obj
 0001:00002790       _GetRegionDisplay          00403790 f   Server.obj
 0001:00002cd0       _SendResolution            00403cd0 f   Server.obj
 0001:00002dd0       _SendRegionDisplay         00403dd0 f   Server.obj
 0001:00003400       _Transmit                  00404400 f   Server.obj
 0001:00003590       _SelectProtocols           00404590 f   Server.obj
 0001:00003ad0       _memblast                  00404ad0 f   Server.obj
 0001:00003bb0       _WinMain@16                00404bb0 f   WndProc.obj
 0001:00003c40       ?WinInit@@YAPAUHWND__@@PAUHINSTANCE__@@H@Z 00404c40 f   WndProc.obj
 0001:00003cf0       ?WndProc@@YGJPAUHWND__@@IIJ@Z 00404cf0 f   WndProc.obj
 0001:00003de6       _WSAStartup@8              00404de6 f   ws2_32:WS2_32.dll
 0001:00003dec       _WSACleanup@0              00404dec f   ws2_32:WS2_32.dll
 0001:00003df2       _closesocket@4             00404df2 f   ws2_32:WS2_32.dll
 0001:00003df8       _gethostname@8             00404df8 f   ws2_32:WS2_32.dll
 0001:00003dfe       _inet_ntoa@4               00404dfe f   ws2_32:WS2_32.dll
 0001:00003e04       _gethostbyname@4           00404e04 f   ws2_32:WS2_32.dll
 0001:00003e0a       _accept@12                 00404e0a f   ws2_32:WS2_32.dll
 0001:00003e10       _listen@8                  00404e10 f   ws2_32:WS2_32.dll
 0001:00003e16       _setsockopt@20             00404e16 f   ws2_32:WS2_32.dll
 0001:00003e1c       _bind@12                   00404e1c f   ws2_32:WS2_32.dll
 0001:00003e22       _htons@4                   00404e22 f   ws2_32:WS2_32.dll
 0001:00003e28       _htonl@4                   00404e28 f   ws2_32:WS2_32.dll
 0001:00003e2e       _WSASocketA@24             00404e2e f   ws2_32:WS2_32.dll
 0001:00003e34       _WSAGetLastError@0         00404e34 f   ws2_32:WS2_32.dll
 0001:00003e3a       _WSAEnumProtocolsA@12      00404e3a f   ws2_32:WS2_32.dll
 0001:00003e40       _recv@16                   00404e40 f   ws2_32:WS2_32.dll
 0001:00003e46       _select@20                 00404e46 f   ws2_32:WS2_32.dll
 0001:00003e4c       _WSACloseEvent@4           00404e4c f   ws2_32:WS2_32.dll
 0001:00003e52       _WSAGetOverlappedResult@20 00404e52 f   ws2_32:WS2_32.dll
 0001:00003e58       _WSAResetEvent@4           00404e58 f   ws2_32:WS2_32.dll
 0001:00003e5e       _WSAWaitForMultipleEvents@20 00404e5e f   ws2_32:WS2_32.dll
 0001:00003e64       _WSASend@28                00404e64 f   ws2_32:WS2_32.dll
 0001:00003e6a       _WSACreateEvent@0          00404e6a f   ws2_32:WS2_32.dll
 0001:00003e70       _WSASetLastError@4         00404e70 f   ws2_32:WS2_32.dll
 0001:00003e76       _CreateThread@24           00404e76 f   kernel32:KERNEL32.dll
 0001:00003e7c       _GetLastError@0            00404e7c f   kernel32:KERNEL32.dll
 0001:00003e82       _CloseHandle@4             00404e82 f   kernel32:KERNEL32.dll
 0001:00003e88       _MessageBoxA@16            00404e88 f   user32:USER32.dll
 0001:00003e8e       _EnableMenuItem@12         00404e8e f   user32:USER32.dll
 0001:00003e94       _GetMenu@4                 00404e94 f   user32:USER32.dll
 0001:00003e9a       _ShowWindow@8              00404e9a f   user32:USER32.dll
 0001:00003ea0       _PostMessageA@16           00404ea0 f   user32:USER32.dll
 0001:00003ea6       _EndDialog@8               00404ea6 f   user32:USER32.dll
 0001:00003eac       _GetDlgItemInt@16          00404eac f   user32:USER32.dll
 0001:00003eb2       _SetDlgItemTextA@12        00404eb2 f   user32:USER32.dll
 0001:00003eb8       _SetDlgItemInt@16          00404eb8 f   user32:USER32.dll
 0001:00003ebe       _RedrawWindow@16           00404ebe f   user32:USER32.dll
 0001:00003ec4       _DialogBoxParamA@20        00404ec4 f   user32:USER32.dll
 0001:00003eca       _PostQuitMessage@4         00404eca f   user32:USER32.dll
 0001:00003ed0       _keybd_event@16            00404ed0 f   user32:USER32.dll
 0001:00003ed6       _mouse_event@20            00404ed6 f   user32:USER32.dll
 0001:00003edc       _GetDC@4                   00404edc f   user32:USER32.dll
 0001:00003ee2       _WaitMessage@0             00404ee2 f   user32:USER32.dll
 0001:00003ee8       _DispatchMessageA@4        00404ee8 f   user32:USER32.dll
 0001:00003eee       _TranslateMessage@4        00404eee f   user32:USER32.dll
 0001:00003ef4       _GetMessageA@16            00404ef4 f   user32:USER32.dll
 0001:00003efa       _PeekMessageA@20           00404efa f   user32:USER32.dll
 0001:00003f00       _CreateWindowExA@48        00404f00 f   user32:USER32.dll
 0001:00003f06       _RegisterClassA@4          00404f06 f   user32:USER32.dll
 0001:00003f0c       _LoadCursorA@8             00404f0c f   user32:USER32.dll
 0001:00003f12       _LoadIconA@8               00404f12 f   user32:USER32.dll
 0001:00003f18       _DefWindowProcA@16         00404f18 f   user32:USER32.dll
 0001:00003f1e       _DeleteObject@4            00404f1e f   gdi32:GDI32.dll
 0001:00003f24       _DeleteDC@4                00404f24 f   gdi32:GDI32.dll
 0001:00003f2a       _SelectObject@8            00404f2a f   gdi32:GDI32.dll
 0001:00003f30       _CreateCompatibleBitmap@12 00404f30 f   gdi32:GDI32.dll
 0001:00003f36       _CreateCompatibleDC@4      00404f36 f   gdi32:GDI32.dll
 0001:00003f3c       _GetDeviceCaps@8           00404f3c f   gdi32:GDI32.dll
 0001:00003f42       _CreateDCA@16              00404f42 f   gdi32:GDI32.dll
 0001:00003f48       _GetDIBits@28              00404f48 f   gdi32:GDI32.dll
 0001:00003f4e       _GetObjectA@12             00404f4e f   gdi32:GDI32.dll
 0001:00003f54       _BitBlt@36                 00404f54 f   gdi32:GDI32.dll
 0001:00003f5a       _GetStockObject@4          00404f5a f   gdi32:GDI32.dll
 0001:00003f60       _strcpy                    00404f60 f   LIBCD:strcat.obj
 0001:00003f70       _strcat                    00404f70 f   LIBCD:strcat.obj
 0001:00004050       _malloc                    00405050 f   LIBCD:dbgheap.obj
 0001:00004070       __malloc_dbg               00405070 f   LIBCD:dbgheap.obj
 0001:000040a0       __nh_malloc                004050a0 f   LIBCD:dbgheap.obj
 0001:000040c0       __nh_malloc_dbg            004050c0 f   LIBCD:dbgheap.obj
 0001:00004110       __heap_alloc               00405110 f   LIBCD:dbgheap.obj
 0001:00004130       __heap_alloc_dbg           00405130 f   LIBCD:dbgheap.obj
 0001:00004450       _calloc                    00405450 f   LIBCD:dbgheap.obj
 0001:00004470       __calloc_dbg               00405470 f   LIBCD:dbgheap.obj
 0001:000044d0       _realloc                   004054d0 f   LIBCD:dbgheap.obj
 0001:000044f0       __realloc_dbg              004054f0 f   LIBCD:dbgheap.obj
 0001:00004a40       __expand                   00405a40 f   LIBCD:dbgheap.obj
 0001:00004a60       __expand_dbg               00405a60 f   LIBCD:dbgheap.obj
 0001:00004a90       _free                      00405a90 f   LIBCD:dbgheap.obj
 0001:00004ab0       __free_dbg                 00405ab0 f   LIBCD:dbgheap.obj
 0001:00004ea0       __msize                    00405ea0 f   LIBCD:dbgheap.obj
 0001:00004ec0       __msize_dbg                00405ec0 f   LIBCD:dbgheap.obj
 0001:00005010       __CrtSetBreakAlloc         00406010 f   LIBCD:dbgheap.obj
 0001:00005030       __CrtSetDbgBlockType       00406030 f   LIBCD:dbgheap.obj
 0001:000050c0       __CrtSetAllocHook          004060c0 f   LIBCD:dbgheap.obj
 0001:00005170       __CrtCheckMemory           00406170 f   LIBCD:dbgheap.obj
 0001:000054d0       __CrtSetDbgFlag            004064d0 f   LIBCD:dbgheap.obj
 0001:00005500       __CrtDoForAllClientObjects 00406500 f   LIBCD:dbgheap.obj
 0001:00005560       __CrtIsValidPointer        00406560 f   LIBCD:dbgheap.obj
 0001:000055b0       __CrtIsValidHeapPointer    004065b0 f   LIBCD:dbgheap.obj
 0001:00005640       __CrtIsMemoryBlock         00406640 f   LIBCD:dbgheap.obj
 0001:00005710       __CrtSetDumpClient         00406710 f   LIBCD:dbgheap.obj
 0001:00005730       __CrtMemCheckpoint         00406730 f   LIBCD:dbgheap.obj
 0001:00005890       __CrtMemDifference         00406890 f   LIBCD:dbgheap.obj
 0001:000059c0       __CrtMemDumpAllObjectsSince 004069c0 f   LIBCD:dbgheap.obj
 0001:00005d90       __CrtDumpMemoryLeaks       00406d90 f   LIBCD:dbgheap.obj
 0001:00005e10       __CrtMemDumpStatistics     00406e10 f   LIBCD:dbgheap.obj
 0001:00005ee0       ??3@YAXPAX@Z               00406ee0 f   LIBCD:dbgdel.obj
 0001:00005f70       _sprintf                   00406f70 f   LIBCD:sprintf.obj
 0001:00006070       _memmove                   00407070 f   LIBCD:memmove.obj
 0001:000063b0       _memset                    004073b0 f   LIBCD:memset.obj
 0001:00006410       _strlen                    00407410 f   LIBCD:strlen.obj
 0001:00006490       _strncmp                   00407490 f   LIBCD:strncmp.obj
 0001:000064d0       _atol                      004074d0 f   LIBCD:atox.obj
 0001:000065d0       _atoi                      004075d0 f   LIBCD:atox.obj
 0001:000065f0       __atoi64                   004075f0 f   LIBCD:atox.obj
 0001:00006720       _atof                      00407720 f   LIBCD:atof.obj
 0001:000067a0       _strcmp                    004077a0 f   LIBCD:strcmp.obj
 0001:00006830       _strncpy                   00407830 f   LIBCD:strncpy.obj
 0001:00006940       _strchr                    00407940 f   LIBCD:strchr.obj
 0001:00006946       ___from_strstr_to_strchr   00407946 f   LIBCD:strchr.obj
 0001:00006a00       __fpmath                   00407a00 f   LIBCD:fpinit.obj
 0001:00006a30       __fpclear                  00407a30 f   LIBCD:fpinit.obj
 0001:00006a40       __cfltcvt_init             00407a40 f   LIBCD:fpinit.obj
 0001:00006a90       ___setfflag                00407a90 f   LIBCD:fpinit.obj
 0001:00006aac       __ftol                     00407aac f   LIBCD:ftol.obj
 0001:00006ae0       __alloca_probe             00407ae0 f   LIBCD:chkstk.obj
 0001:00006ae0       __chkstk                   00407ae0 f   LIBCD:chkstk.obj
 0001:00006b10       ??2@YAPAXI@Z               00407b10 f   LIBCD:new.obj
 0001:00006b30       ?_JumpToContinuation@@YGXPAXPAUEHRegistrationNode@@@Z 00407b30 f   LIBCD:trnsctrl.obj
 0001:00006b70       ?_CallMemberFunction0@@YGXPAX0@Z 00407b70 f   LIBCD:trnsctrl.obj
 0001:00006b80       ?_CallMemberFunction1@@YGXPAX00@Z 00407b80 f   LIBCD:trnsctrl.obj
 0001:00006b90       ?_CallMemberFunction2@@YGXPAX00H@Z 00407b90 f   LIBCD:trnsctrl.obj
 0001:00006ba0       ?_UnwindNestedFrames@@YGXPAUEHRegistrationNode@@PAUEHExceptionRecord@@@Z 00407ba0 f   LIBCD:trnsctrl.obj
 0001:00006c00       ___CxxFrameHandler         00407c00 f   LIBCD:trnsctrl.obj
 0001:00006c40       ___CxxLongjmpUnwind@4      00407c40 f   LIBCD:trnsctrl.obj
 0001:00006c70       ?_CallCatchBlock2@@YAPAXPAUEHRegistrationNode@@PBU_s_FuncInfo@@PAXHK@Z 00407c70 f   LIBCD:trnsctrl.obj
 0001:00006d20       ?_CallSETranslator@@YAHPAUEHExceptionRecord@@PAUEHRegistrationNode@@PAX2PBU_s_FuncInfo@@H1@Z 00407d20 f   LIBCD:trnsctrl.obj
 0001:00006e80       ?_GetRangeOfTrysToCheck@@YAPBU_s_TryBlockMapEntry@@PBU_s_FuncInfo@@HHPAI1@Z 00407e80 f   LIBCD:trnsctrl.obj
 0001:00006f10       __global_unwind2           00407f10 f   LIBCD:exsup.obj
 0001:00006f52       __local_unwind2            00407f52 f   LIBCD:exsup.obj
 0001:00006faa       __NLG_Return2              00407faa f   LIBCD:exsup.obj
 0001:00006fba       __abnormal_termination     00407fba f   LIBCD:exsup.obj
 0001:00006fdd       __NLG_Notify1              00407fdd f   LIBCD:exsup.obj
 0001:00006fe6       __NLG_Notify               00407fe6 f   LIBCD:exsup.obj
 0001:00006ff9       __NLG_Dispatch             00407ff9 f   LIBCD:exsup.obj
 0001:00007000       _WinMainCRTStartup         00408000 f   LIBCD:wincrt0.obj
 0001:00007160       __amsg_exit                00408160 f   LIBCD:wincrt0.obj
 0001:000071c0       ?_set_new_handler@@YAP6AHI@ZP6AHI@Z@Z 004081c0 f   LIBCD:handler.obj
 0001:000071e0       ?_query_new_handler@@YAP6AHI@ZXZ 004081e0 f   LIBCD:handler.obj
 0001:000071f0       __callnewh                 004081f0 f   LIBCD:handler.obj
 0001:00007220       __malloc_base              00408220 f   LIBCD:malloc.obj
 0001:00007240       __nh_malloc_base           00408240 f   LIBCD:malloc.obj
 0001:000072a0       __heap_alloc_base          004082a0 f   LIBCD:malloc.obj
 0001:00007300       __CrtDefaultAllocHook      00408300 f   LIBCD:dbghook.obj
 0001:00007310       __CrtDbgBreak              00408310 f   LIBCD:dbgrpt.obj
 0001:00007320       __CrtSetReportMode         00408320 f   LIBCD:dbgrpt.obj
 0001:00007380       __CrtSetReportFile         00408380 f   LIBCD:dbgrpt.obj
 0001:00007400       __CrtSetReportHook         00408400 f   LIBCD:dbgrpt.obj
 0001:00007420       __CrtDbgReport             00408420 f   LIBCD:dbgrpt.obj
 0001:00007ac0       __expand_base              00408ac0 f   LIBCD:expand.obj
 0001:00007b50       __realloc_base             00408b50 f   LIBCD:realloc.obj
 0001:00007d20       __free_base                00408d20 f   LIBCD:free.obj
 0001:00007d70       __heapchk                  00408d70 f   LIBCD:heapchk.obj
 0001:00007dd0       __heapset                  00408dd0 f   LIBCD:heapchk.obj
 0001:00007de0       __heap_init                00408de0 f   LIBCD:heapinit.obj
 0001:00007e30       __heap_term                00408e30 f   LIBCD:heapinit.obj
 0001:00007ed0       __cinit                    00408ed0 f   LIBCD:crt0dat.obj
 0001:00007f10       _exit                      00408f10 f   LIBCD:crt0dat.obj
 0001:00007f30       __exit                     00408f30 f   LIBCD:crt0dat.obj
 0001:00007f50       __cexit                    00408f50 f   LIBCD:crt0dat.obj
 0001:00007f70       __c_exit                   00408f70 f   LIBCD:crt0dat.obj
 0001:000080a0       __get_sbh_threshold        004090a0 f   LIBCD:sbheap.obj
 0001:000080b0       __set_sbh_threshold        004090b0 f   LIBCD:sbheap.obj
 0001:000080d0       ___sbh_heap_init           004090d0 f   LIBCD:sbheap.obj
 0001:00008130       ___sbh_find_block          00409130 f   LIBCD:sbheap.obj
 0001:00008190       ___sbh_verify_block        00409190 f   LIBCD:sbheap.obj
 0001:000081f0       ___sbh_free_block          004091f0 f   LIBCD:sbheap.obj
 0001:000087c0       ___sbh_alloc_block         004097c0 f   LIBCD:sbheap.obj
 0001:00008d00       ___sbh_alloc_new_region    00409d00 f   LIBCD:sbheap.obj
 0001:00008e10       ___sbh_alloc_new_group     00409e10 f   LIBCD:sbheap.obj
 0001:00009000       ___sbh_resize_block        0040a000 f   LIBCD:sbheap.obj
 0001:000095f0       ___sbh_heapmin             0040a5f0 f   LIBCD:sbheap.obj
 0001:00009720       ___sbh_heap_check          0040a720 f   LIBCD:sbheap.obj
 0001:00009d40       __isctype                  0040ad40 f   LIBCD:isctype.obj
 0001:00009e00       __flsbuf                   0040ae00 f   LIBCD:_flsbuf.obj
 0001:0000a080       __output                   0040b080 f   LIBCD:output.obj
 0001:0000af20       __allmul                   0040bf20 f   LIBCD:llmul.obj
 0001:0000af60       __fltin                    0040bf60 f   LIBCD:cfin.obj
 0001:0000b030       __setdefaultprecision      0040c030 f   LIBCD:fp8.obj
 0001:0000b050       __ms_p5_test_fdiv          0040c050 f   LIBCD:testfdiv.obj
 0001:0000b0b0       __ms_p5_mp_test_fdiv       0040c0b0 f   LIBCD:testfdiv.obj
 0001:0000b100       __forcdecpt                0040c100 f   LIBCD:cvt.obj
 0001:0000b1b0       __cropzeros                0040c1b0 f   LIBCD:cvt.obj
 0001:0000b290       __positive                 0040c290 f   LIBCD:cvt.obj
 0001:0000b2c0       __fassign                  0040c2c0 f   LIBCD:cvt.obj
 0001:0000b310       __cftoe                    0040c310 f   LIBCD:cvt.obj
 0001:0000b4d0       __cftof                    0040c4d0 f   LIBCD:cvt.obj
 0001:0000b660       __cftog                    0040c660 f   LIBCD:cvt.obj
 0001:0000b7d0       __cfltcvt                  0040c7d0 f   LIBCD:cvt.obj
 0001:0000b860       ___InternalCxxFrameHandler 0040c860 f   LIBCD:frame.obj
 0001:0000bdd0       ___FrameUnwindToState      0040cdd0 f   LIBCD:frame.obj
 0001:0000c3e0       ?_DestructExceptionObject@@YAXPAUEHExceptionRecord@@E@Z 0040d3e0 f   LIBCD:frame.obj
 0001:0000c4c0       __CallSettingFrame@12      0040d4c0 f   LIBCD:lowhelpr.obj
 0001:0000c4e7       __NLG_Return               0040d4e7 f   LIBCD:lowhelpr.obj
 0001:0000c510       ?terminate@@YAXXZ          0040d510 f   LIBCD:hooks.obj
 0001:0000c5a0       ?unexpected@@YAXXZ         0040d5a0 f   LIBCD:hooks.obj
 0001:0000c5c0       ?_inconsistency@@YAXXZ     0040d5c0 f   LIBCD:hooks.obj
 0001:0000c650       __XcptFilter               0040d650 f   LIBCD:winxfltr.obj
 0001:0000c860       __wincmdln                 0040d860 f   LIBCD:wincmdln.obj
 0001:0000c920       __setenvp                  0040d920 f   LIBCD:stdenvp.obj
 0001:0000ca70       __setargv                  0040da70 f   LIBCD:stdargv.obj
 0001:0000cf80       ___crtGetEnvironmentStringsA 0040df80 f   LIBCD:a_env.obj
 0001:0000d1a0       __ioinit                   0040e1a0 f   LIBCD:ioinit.obj
 0001:0000d4b0       __ioterm                   0040e4b0 f   LIBCD:ioinit.obj
 0001:0000d50c       __except_handler3          0040e50c f   LIBCD:exsup3.obj
 0001:0000d5c9       __seh_longjmp_unwind@4     0040e5c9 f   LIBCD:exsup3.obj
 0001:0000d5f0       __FF_MSGBANNER             0040e5f0 f   LIBCD:crt0msg.obj
 0001:0000d640       __NMSG_WRITE               0040e640 f   LIBCD:crt0msg.obj
 0001:0000d800       __GET_RTERRMSG             0040e800 f   LIBCD:crt0msg.obj
 0001:0000d850       __itoa                     0040e850 f   LIBCD:xtoa.obj
 0001:0000d970       __ltoa                     0040e970 f   LIBCD:xtoa.obj
 0001:0000d9b0       __ultoa                    0040e9b0 f   LIBCD:xtoa.obj
 0001:0000d9d0       __i64toa                   0040e9d0 f   LIBCD:xtoa.obj
 0001:0000db20       __ui64toa                  0040eb20 f   LIBCD:xtoa.obj
 0001:0000db40       __snprintf                 0040eb40 f   LIBCD:snprintf.obj
 0001:0000dc40       __vsnprintf                0040ec40 f   LIBCD:vsnprint.obj
 0001:0000dd40       _signal                    0040ed40 f   LIBCD:winsig.obj
 0001:0000df50       _raise                     0040ef50 f   LIBCD:winsig.obj
 0001:0000e170       ___crtMessageBoxA          0040f170 f   LIBCD:crtmbox.obj
 0001:0000e230       _memcpy                    0040f230 f   LIBCD:memcpy.obj
 0001:0000e570       ___crtGetStringTypeA       0040f570 f   LIBCD:a_str.obj
 0001:0000e730       __lseek                    0040f730 f   LIBCD:lseek.obj
 0001:0000e820       __write                    0040f820 f   LIBCD:write.obj
 0001:0000ead0       __getbuf                   0040fad0 f   LIBCD:_getbuf.obj
 0001:0000eba0       __isatty                   0040fba0 f   LIBCD:isatty.obj
 0001:0000ebd0       ___initstdio               0040fbd0 f   LIBCD:_file.obj
 0001:0000ed00       ___endstdio                0040fd00 f   LIBCD:_file.obj
 0001:0000ed20       _wctomb                    0040fd20 f   LIBCD:wctomb.obj
 0001:0000edc0       __aulldiv                  0040fdc0 f   LIBCD:ulldiv.obj
 0001:0000ee30       __aullrem                  0040fe30 f   LIBCD:ullrem.obj
 0001:0000eeb0       __ZeroTail                 0040feb0 f   LIBCD:intrncvt.obj
 0001:0000ef40       __IncMan                   0040ff40 f   LIBCD:intrncvt.obj
 0001:0000eff0       __RoundMan                 0040fff0 f   LIBCD:intrncvt.obj
 0001:0000f0d0       __CopyMan                  004100d0 f   LIBCD:intrncvt.obj
 0001:0000f120       __FillZeroMan              00410120 f   LIBCD:intrncvt.obj
 0001:0000f150       __IsZeroMan                00410150 f   LIBCD:intrncvt.obj
 0001:0000f190       __ShrMan                   00410190 f   LIBCD:intrncvt.obj
 0001:0000f280       __ld12cvt                  00410280 f   LIBCD:intrncvt.obj
 0001:0000f4d0       __ld12tod                  004104d0 f   LIBCD:intrncvt.obj
 0001:0000f4f0       __ld12tof                  004104f0 f   LIBCD:intrncvt.obj
 0001:0000f510       __ld12told                 00410510 f   LIBCD:intrncvt.obj
 0001:0000f5d0       __atodbl                   004105d0 f   LIBCD:intrncvt.obj
 0001:0000f610       __atoldbl                  00410610 f   LIBCD:intrncvt.obj
 0001:0000f650       __atoflt                   00410650 f   LIBCD:intrncvt.obj
 0001:0000f690       ___strgtold12              00410690 f   LIBCD:strgtold.obj
 0001:000101c0       ___STRINGTOLD              004111c0 f   LIBCD:strgtold.obj
 0001:00010210       __statusfp                 00411210 f   LIBCD:ieee87.obj
 0001:00010230       __clearfp                  00411230 f   LIBCD:ieee87.obj
 0001:00010250       __control87                00411250 f   LIBCD:ieee87.obj
 0001:000102a0       __controlfp                004112a0 f   LIBCD:ieee87.obj
 0001:000102c0       __fpreset                  004112c0 f   LIBCD:ieee87.obj
 0001:000106b0       __tolower                  004116b0 f   LIBCD:tolower.obj
 0001:000106c0       _tolower                   004116c0 f   LIBCD:tolower.obj
 0001:000107f0       __fptostr                  004117f0 f   LIBCD:_fptostr.obj
 0001:000108f0       __fltout                   004118f0 f   LIBCD:cfout.obj
 0001:00010970       ___dtold                   00411970 f   LIBCD:cfout.obj
 0001:00010ae0       __fptrap                   00411ae0 f   LIBCD:crt0fp.obj
 0001:00010af0       ?__CxxUnhandledExceptionFilter@@YGJPAU_EXCEPTION_POINTERS@@@Z 00411af0 f   LIBCD:unhandld.obj
 0001:00010b50       ?__CxxSetUnhandledExceptionFilter@@YAXXZ 00411b50 f   LIBCD:unhandld.obj
 0001:00010b70       ?__CxxRestoreUnhandledExceptionFilter@@YAXXZ 00411b70 f   LIBCD:unhandld.obj
 0001:00010b90       ?_ValidateRead@@YAHPBXI@Z  00411b90 f   LIBCD:validate.obj
 0001:00010bc0       ?_ValidateWrite@@YAHPAXI@Z 00411bc0 f   LIBCD:validate.obj
 0001:00010bf0       ?_ValidateExecute@@YAHP6GHXZ@Z 00411bf0 f   LIBCD:validate.obj
 0001:00010c20       _abort                     00411c20 f   LIBCD:abort.obj
 0001:00010c40       __ismbbkalnum              00411c40 f   LIBCD:ismbbyte.obj
 0001:00010c60       __ismbbkprint              00411c60 f   LIBCD:ismbbyte.obj
 0001:00010c80       __ismbbkpunct              00411c80 f   LIBCD:ismbbyte.obj
 0001:00010ca0       __ismbbalnum               00411ca0 f   LIBCD:ismbbyte.obj
 0001:00010cc0       __ismbbalpha               00411cc0 f   LIBCD:ismbbyte.obj
 0001:00010ce0       __ismbbgraph               00411ce0 f   LIBCD:ismbbyte.obj
 0001:00010d00       __ismbbprint               00411d00 f   LIBCD:ismbbyte.obj
 0001:00010d20       __ismbbpunct               00411d20 f   LIBCD:ismbbyte.obj
 0001:00010d40       __ismbblead                00411d40 f   LIBCD:ismbbyte.obj
 0001:00010d60       __ismbbtrail               00411d60 f   LIBCD:ismbbyte.obj
 0001:00010d80       __ismbbkana                00411d80 f   LIBCD:ismbbyte.obj
 0001:00010e30       __setmbcp                  00411e30 f   LIBCD:mbctype.obj
 0001:000115a0       __getmbcp                  004125a0 f   LIBCD:mbctype.obj
 0001:000115c0       ___initmbctable            004125c0 f   LIBCD:mbctype.obj
 0001:000115f0       __dosmaperr                004125f0 f   LIBCD:dosmap.obj
 0001:00011680       __alloc_osfhnd             00412680 f   LIBCD:osfinfo.obj
 0001:000117b0       __set_osfhnd               004127b0 f   LIBCD:osfinfo.obj
 0001:00011860       __free_osfhnd              00412860 f   LIBCD:osfinfo.obj
 0001:00011930       __get_osfhandle            00412930 f   LIBCD:osfinfo.obj
 0001:00011990       __open_osfhandle           00412990 f   LIBCD:osfinfo.obj
 0001:00011a80       __fcloseall                00412a80 f   LIBCD:closeall.obj
 0001:00011b30       _fflush                    00412b30 f   LIBCD:fflush.obj
 0001:00011b90       __flush                    00412b90 f   LIBCD:fflush.obj
 0001:00011c50       __flushall                 00412c50 f   LIBCD:fflush.obj
 0001:00011d40       ___addl                    00412d40 f   LIBCD:mantold.obj
 0001:00011d80       ___add_12                  00412d80 f   LIBCD:mantold.obj
 0001:00011e30       ___shl_12                  00412e30 f   LIBCD:mantold.obj
 0001:00011e90       ___shr_12                  00412e90 f   LIBCD:mantold.obj
 0001:00011f00       ___mtold12                 00412f00 f   LIBCD:mantold.obj
 0001:00012040       ___ld12mul                 00413040 f   LIBCD:tenpow.obj
 0001:00012480       ___multtenpow12            00413480 f   LIBCD:tenpow.obj
 0001:00012550       ___crtLCMapStringA         00413550 f   LIBCD:a_map.obj
 0001:000128b0       _$I10_OUTPUT               004138b0 f   LIBCD:x10fout.obj
 0001:00012dd0       _fclose                    00413dd0 f   LIBCD:fclose.obj
 0001:00012eb0       __commit                   00413eb0 f   LIBCD:commit.obj
 0001:00012f60       __close                    00413f60 f   LIBCD:close.obj
 0001:00013050       __freebuf                  00414050 f   LIBCD:_freebuf.obj
 0001:000130e2       _IsBadWritePtr@8           004140e2 f   kernel32:KERNEL32.dll
 0001:000130e8       _IsBadReadPtr@8            004140e8 f   kernel32:KERNEL32.dll
 0001:000130ee       _HeapValidate@12           004140ee f   kernel32:KERNEL32.dll
 0001:000130f4       _RtlUnwind@16              004140f4 f   kernel32:KERNEL32.dll
 0001:000130fa       _GetModuleHandleA@4        004140fa f   kernel32:KERNEL32.dll
 0001:00013100       _GetStartupInfoA@4         00414100 f   kernel32:KERNEL32.dll
 0001:00013106       _GetCommandLineA@0         00414106 f   kernel32:KERNEL32.dll
 0001:0001310c       _GetVersion@0              0041410c f   kernel32:KERNEL32.dll
 0001:00013112       _ExitProcess@4             00414112 f   kernel32:KERNEL32.dll
 0001:00013118       _HeapAlloc@12              00414118 f   kernel32:KERNEL32.dll
 0001:0001311e       _DebugBreak@0              0041411e f   kernel32:KERNEL32.dll
 0001:00013124       _GetStdHandle@4            00414124 f   kernel32:KERNEL32.dll
 0001:0001312a       _WriteFile@20              0041412a f   kernel32:KERNEL32.dll
 0001:00013130       _InterlockedDecrement@4    00414130 f   kernel32:KERNEL32.dll
 0001:00013136       _OutputDebugStringA@4      00414136 f   kernel32:KERNEL32.dll
 0001:0001313c       _GetProcAddress@8          0041413c f   kernel32:KERNEL32.dll
 0001:00013142       _LoadLibraryA@4            00414142 f   kernel32:KERNEL32.dll
 0001:00013148       _InterlockedIncrement@4    00414148 f   kernel32:KERNEL32.dll
 0001:0001314e       _GetModuleFileNameA@12     0041414e f   kernel32:KERNEL32.dll
 0001:00013154       _HeapReAlloc@16            00414154 f   kernel32:KERNEL32.dll
 0001:0001315a       _HeapFree@12               0041415a f   kernel32:KERNEL32.dll
 0001:00013160       _HeapDestroy@4             00414160 f   kernel32:KERNEL32.dll
 0001:00013166       _HeapCreate@12             00414166 f   kernel32:KERNEL32.dll
 0001:0001316c       _VirtualFree@12            0041416c f   kernel32:KERNEL32.dll
 0001:00013172       _TerminateProcess@8        00414172 f   kernel32:KERNEL32.dll
 0001:00013178       _GetCurrentProcess@0       00414178 f   kernel32:KERNEL32.dll
 0001:0001317e       _VirtualAlloc@16           0041417e f   kernel32:KERNEL32.dll
 0001:00013184       _UnhandledExceptionFilter@4 00414184 f   kernel32:KERNEL32.dll
 0001:0001318a       _FreeEnvironmentStringsA@4 0041418a f   kernel32:KERNEL32.dll
 0001:00013190       _FreeEnvironmentStringsW@4 00414190 f   kernel32:KERNEL32.dll
 0001:00013196       _WideCharToMultiByte@32    00414196 f   kernel32:KERNEL32.dll
 0001:0001319c       _GetEnvironmentStrings@0   0041419c f   kernel32:KERNEL32.dll
 0001:000131a2       _GetEnvironmentStringsW@0  004141a2 f   kernel32:KERNEL32.dll
 0001:000131a8       _SetHandleCount@4          004141a8 f   kernel32:KERNEL32.dll
 0001:000131ae       _GetFileType@4             004141ae f   kernel32:KERNEL32.dll
 0001:000131b4       _SetConsoleCtrlHandler@8   004141b4 f   kernel32:KERNEL32.dll
 0001:000131ba       _MultiByteToWideChar@24    004141ba f   kernel32:KERNEL32.dll
 0001:000131c0       _GetStringTypeA@20         004141c0 f   kernel32:KERNEL32.dll
 0001:000131c6       _GetStringTypeW@16         004141c6 f   kernel32:KERNEL32.dll
 0001:000131cc       _SetFilePointer@16         004141cc f   kernel32:KERNEL32.dll
 0001:000131d2       _SetUnhandledExceptionFilter@4 004141d2 f   kernel32:KERNEL32.dll
 0001:000131d8       _IsBadCodePtr@4            004141d8 f   kernel32:KERNEL32.dll
 0001:000131de       _GetCPInfo@8               004141de f   kernel32:KERNEL32.dll
 0001:000131e4       _GetACP@0                  004141e4 f   kernel32:KERNEL32.dll
 0001:000131ea       _GetOEMCP@0                004141ea f   kernel32:KERNEL32.dll
 0001:000131f0       _SetStdHandle@8            004141f0 f   kernel32:KERNEL32.dll
 0001:000131f6       _LCMapStringA@24           004141f6 f   kernel32:KERNEL32.dll
 0001:000131fc       _LCMapStringW@24           004141fc f   kernel32:KERNEL32.dll
 0001:00013202       _FlushFileBuffers@4        00414202 f   kernel32:KERNEL32.dll
 0002:0000001c       ??_C@_0O@PNHK@Remote?5Server?$AA@ 0041501c     MainWnd.obj
 0002:0000002c       ??_C@_0BI@PKJK@Failed?5to?5load?5Winsock?$CB?$AA@ 0041502c     MainWnd.obj
 0002:00000044       ??_C@_0M@IBML@?$CFd?4?$CFd?4?$CFd?4?$CFd?$AA@ 00415044     MainWnd.obj
 0002:00000050       ??_C@_0CB@NHIF@2003?97?92?$LE?$LE?$LN?$KI?$AN?6?R?$LL?$LI?v?T?$LG?$LD?L?$LP?X?V?F?$LF?D?$LD?L?P?r@ 00415050     MainWnd.obj
 0002:00000074       ??_C@_0BK@BDFI@?D?c?U?f?$LF?D?O?k?$LJ?X?$LB?U?T?$LG?$LD?L?$LP?X?V?F?$LH?$PO?N?q?$DP?$AA@ 00415074     MainWnd.obj
 0002:00000090       ??_C@_0BD@NCJF@Socket?O?$NP?$LD?L?$LE?$LE?$LN?$KI?J?$KH?$LA?$NM?$AA@ 00415090     MainWnd.obj
 0002:000000a4       ??_C@_0BB@KMG@?T?$LG?$LD?L?$LP?X?V?F?$LH?$PO?N?q?F?w?$LG?K?$AA@ 004150a4     MainWnd.obj
 0002:000000b8       ??_C@_08IMCB@?C?$LL?S?P?H?$KB?$LF?C?$AA@ 004150b8     MainWnd.obj
 0002:000000c4       ??_C@_02DILL@?$CFs?$AA@    004150c4     Server.obj
 0002:000000c8       ??_C@_0BD@JBCA@bind?$CI?$CJ?5failed?3?5?$CFd?6?$AA@ 004150c8     Server.obj
 0002:000000dc       ??_C@_0BE@PHOI@socket?$CI?$CJ?5failed?3?5?$CFd?$AA@ 004150dc     Server.obj
 0002:000000f0       ??_C@_0L@OGBA@DISCONNECT?$AA@ 004150f0     Server.obj
 0002:000000fc       ??_C@_0L@BIDB@RESOLUTION?$AA@ 004150fc     Server.obj
 0002:00000108       ??_C@_03EELN@WM_?$AA@      00415108     Server.obj
 0002:0000010c       ??_C@_07KNNG@REFRESH?$AA@  0041510c     Server.obj
 0002:00000114       ??_C@_08DPKM@WM_CMOD?$AA?$AA@ 00415114     Server.obj
 0002:00000120       ??_C@_08NGEB@WM_GRID?$AA?$AA@ 00415120     Server.obj
 0002:0000012c       ??_C@_08OBCG@WM_COMP?$AA?$AA@ 0041512c     Server.obj
 0002:00000138       ??_C@_06EMAH@WM_KU?$AA?$AA@ 00415138     Server.obj
 0002:00000140       ??_C@_06DAAE@WM_KD?$AA?$AA@ 00415140     Server.obj
 0002:00000148       __real@8@400effff000000000000 00415148     Server.obj
 0002:00000150       ??_C@_07KHKK@WM_RBK?$AA?$AA@ 00415150     Server.obj
 0002:00000158       ??_C@_07PKI@WM_RBU?$AA?$AA@ 00415158     Server.obj
 0002:00000160       ??_C@_07HDKL@WM_RBD?$AA?$AA@ 00415160     Server.obj
 0002:00000168       ??_C@_07CCKF@WM_MBK?$AA?$AA@ 00415168     Server.obj
 0002:00000170       ??_C@_07IKKH@WM_MBU?$AA?$AA@ 00415170     Server.obj
 0002:00000178       ??_C@_07PGKE@WM_MBD?$AA?$AA@ 00415178     Server.obj
 0002:00000180       ??_C@_07HPH@WM_LBK?$AA?$AA@ 00415180     Server.obj
 0002:00000188       ??_C@_07KPPF@WM_LBU?$AA?$AA@ 00415188     Server.obj
 0002:00000190       ??_C@_07NDPG@WM_LBD?$AA?$AA@ 00415190     Server.obj
 0002:00000198       ??_C@_06HPIN@WM_MM?$AA?$AA@ 00415198     Server.obj
 0002:000001a0       ??_C@_07KMDL@WM_CMOD?$AA@  004151a0     Server.obj
 0002:000001a8       ??_C@_07EBDC@WM_GRID?$AA@  004151a8     Server.obj
 0002:000001b0       ??_C@_07CGGP@WM_COMP?$AA@  004151b0     Server.obj
 0002:000001b8       ??_C@_05HJF@WM_KU?$AA@     004151b8     Server.obj
 0002:000001c0       ??_C@_05EHC@WM_KD?$AA@     004151c0     Server.obj
 0002:000001c8       ??_C@_06KKPD@WM_RBK?$AA@   004151c8     Server.obj
 0002:000001d0       ??_C@_06KIEJ@WM_RBU?$AA@   004151d0     Server.obj
 0002:000001d8       ??_C@_06KLKO@WM_RBD?$AA@   004151d8     Server.obj
 0002:000001e0       ??_C@_06KFEN@WM_MBK?$AA@   004151e0     Server.obj
 0002:000001e8       ??_C@_06KHPH@WM_MBU?$AA@   004151e8     Server.obj
 0002:000001f0       ??_C@_06KEBA@WM_MBD?$AA@   004151f0     Server.obj
 0002:000001f8       ??_C@_06PHFL@WM_LBK?$AA@   004151f8     Server.obj
 0002:00000200       ??_C@_06PFOB@WM_LBU?$AA@   00415200     Server.obj
 0002:00000208       ??_C@_06PGAG@WM_LBD?$AA@   00415208     Server.obj
 0002:00000210       ??_C@_05INKC@WM_MM?$AA@    00415210     Server.obj
 0002:00000218       ??_C@_07LGIJ@DISPLAY?$AA@  00415218     Server.obj
 0002:00000220       ??_C@_02MECO@?$CFd?$AA@    00415220     Server.obj
 0002:00000224       ??_C@_0BG@IDNL@?$CFd?$DL?$CFd?$DL?$CFd?$DL?$CFld?$DL?$CFld?$DL?$CFld?$DL?$AA@ 00415224     Server.obj
 0002:0000023c       ??_C@_0CN@FJJO@WSAGetOverlappedResult?5failed?5wi@ 0041523c     Server.obj
 0002:0000026c       ??_C@_0CE@LGBI@WSAWaitForMultipleEvents?5failed?5@ 0041526c     Server.obj
 0002:00000290       ??_C@_06HCAM@Server?$AA@   00415290     Server.obj
 0002:00000298       ??_C@_0BO@PMFH@WSASend?5failed?5with?5error?5?$CFd?6?$AA@ 00415298     Server.obj
 0002:000002b8       ??_C@_0BF@FCMC@MSAFD?5Tcpip?5?$FLTCP?1IP?$FN?$AA@ 004152b8     Server.obj
 0002:000002d0       ??_C@_0O@DBNG@Server?5Socket?$AA@ 004152d0     WndProc.obj
 0002:000002e0       ??_C@_0N@ILHL@ServerSocket?$AA@ 004152e0     WndProc.obj
 0002:000002f0       ??_C@_06DPMO@Client?$AA@   004152f0     LIBCD:dbgheap.obj
 0002:000002f8       ??_C@_06BAFM@Ignore?$AA@   004152f8     LIBCD:dbgheap.obj
 0002:00000300       ??_C@_03DICE@CRT?$AA@      00415300     LIBCD:dbgheap.obj
 0002:00000304       ??_C@_06BILL@Normal?$AA@   00415304     LIBCD:dbgheap.obj
 0002:0000030c       ??_C@_04NEN@Free?$AA@      0041530c     LIBCD:dbgheap.obj
 0002:00000314       ??_C@_0DC@CGID@Error?3?5memory?5allocation?3?5bad?5me@ 00415314     LIBCD:dbgheap.obj
 0002:00000348       ??_C@_0CE@FMIA@Invalid?5allocation?5size?3?5?$CFu?5byte@ 00415348     LIBCD:dbgheap.obj
 0002:0000036c       ??_C@_0CB@CPBI@Client?5hook?5allocation?5failure?4?6@ 0041536c     LIBCD:dbgheap.obj
 0002:00000390       ??_C@_0DF@DKHF@Client?5hook?5allocation?5failure?5a@ 00415390     LIBCD:dbgheap.obj
 0002:000003c8       ??_C@_09IMJC@dbgheap?4c?$AA@ 004153c8     LIBCD:dbgheap.obj
 0002:000003d4       ??_C@_0BC@EPKL@_CrtCheckMemory?$CI?$CJ?$AA@ 004153d4     LIBCD:dbgheap.obj
 0002:000003e8       ??_C@_0BK@JDHA@_pFirstBlock?5?$DN?$DN?5pOldBlock?$AA@ 004153e8     LIBCD:dbgheap.obj
 0002:00000404       ??_C@_0BJ@NMEF@_pLastBlock?5?$DN?$DN?5pOldBlock?$AA@ 00415404     LIBCD:dbgheap.obj
 0002:00000420       ??_C@_0DC@BOCN@fRealloc?5?$HM?$HM?5?$CI?$CBfRealloc?5?$CG?$CG?5pNewBl@ 00415420     LIBCD:dbgheap.obj
 0002:00000454       ??_C@_0DK@DKOM@_BLOCK_TYPE?$CIpOldBlock?9?$DOnBlockUse@ 00415454     LIBCD:dbgheap.obj
 0002:00000490       ??_C@_0EF@EDKM@pOldBlock?9?$DOnLine?5?$DN?$DN?5IGNORE_LINE?5@ 00415490     LIBCD:dbgheap.obj
 0002:000004d8       ??_C@_0CC@GPMO@_CrtIsValidHeapPointer?$CIpUserData@ 004154d8     LIBCD:dbgheap.obj
 0002:000004fc       ??_C@_0CN@FHGE@Allocation?5too?5large?5or?5negative@ 004154fc     LIBCD:dbgheap.obj
 0002:0000052c       ??_C@_0CE@EAMN@Client?5hook?5re?9allocation?5failur@ 0041552c     LIBCD:dbgheap.obj
 0002:00000550       ??_C@_0DI@KKMM@Client?5hook?5re?9allocation?5failur@ 00415550     LIBCD:dbgheap.obj
 0002:00000588       ??_C@_0BG@JCEC@_pFirstBlock?5?$DN?$DN?5pHead?$AA@ 00415588     LIBCD:dbgheap.obj
 0002:000005a0       ??_C@_0BF@NLNN@_pLastBlock?5?$DN?$DN?5pHead?$AA@ 004155a0     LIBCD:dbgheap.obj
 0002:000005b8       ??_C@_0BO@PLHH@pHead?9?$DOnBlockUse?5?$DN?$DN?5nBlockUse?$AA@ 004155b8     LIBCD:dbgheap.obj
 0002:000005d8       ??_C@_0DN@KKIO@pHead?9?$DOnLine?5?$DN?$DN?5IGNORE_LINE?5?$CG?$CG?5p@ 004155d8     LIBCD:dbgheap.obj
 0002:00000618       ??_C@_0CK@OJNB@DAMAGE?3?5after?5?$CFhs?5block?5?$CI?$CD?$CFd?$CJ?5at@ 00415618     LIBCD:dbgheap.obj
 0002:00000644       ??_C@_0CL@IJIL@DAMAGE?3?5before?5?$CFhs?5block?5?$CI?$CD?$CFd?$CJ?5a@ 00415644     LIBCD:dbgheap.obj
 0002:00000670       ??_C@_0CH@PHOC@_BLOCK_TYPE_IS_VALID?$CIpHead?9?$DOnBlo@ 00415670     LIBCD:dbgheap.obj
 0002:00000698       ??_C@_0BL@MBNA@Client?5hook?5free?5failure?4?6?$AA@ 00415698     LIBCD:dbgheap.obj
 0002:000006b4       ??_C@_0DK@EKKL@memory?5check?5error?5at?50x?$CF08X?5?$DN?50@ 004156b4     LIBCD:dbgheap.obj
 0002:000006f0       ??_C@_0CJ@GCII@?$CFhs?5located?5at?50x?$CF08X?5is?5?$CFu?5byte@ 004156f0     LIBCD:dbgheap.obj
 0002:0000071c       ??_C@_0CA@EJPI@?$CFhs?5allocated?5at?5file?5?$CFhs?$CI?$CFd?$CJ?4?6?$AA@ 0041571c     LIBCD:dbgheap.obj
 0002:0000073c       ??_C@_0CJ@LHHG@DAMAGE?3?5on?5top?5of?5Free?5block?5at?5@ 0041573c     LIBCD:dbgheap.obj
 0002:00000768       ??_C@_07GJHM@DAMAGED?$AA@  00415768     LIBCD:dbgheap.obj
 0002:00000770       ??_C@_0CL@ODIE@_heapchk?5fails?5with?5unknown?5retu@ 00415770     LIBCD:dbgheap.obj
 0002:0000079c       ??_C@_0CC@EHNC@_heapchk?5fails?5with?5_HEAPBADPTR?4@ 0041579c     LIBCD:dbgheap.obj
 0002:000007c0       ??_C@_0CC@JNDP@_heapchk?5fails?5with?5_HEAPBADEND?4@ 004157c0     LIBCD:dbgheap.obj
 0002:000007e4       ??_C@_0CD@DNMG@_heapchk?5fails?5with?5_HEAPBADNODE@ 004157e4     LIBCD:dbgheap.obj
 0002:00000808       ??_C@_0CE@JMCB@_heapchk?5fails?5with?5_HEAPBADBEGI@ 00415808     LIBCD:dbgheap.obj
 0002:0000082c       ??_C@_0CD@MEMI@Bad?5memory?5block?5found?5at?50x?$CF08X@ 0041582c     LIBCD:dbgheap.obj
 0002:00000850       ??_C@_0CI@GMAO@_CrtMemCheckPoint?3?5NULL?5state?5po@ 00415850     LIBCD:dbgheap.obj
 0002:00000878       ??_C@_0CI@MNAE@_CrtMemDifference?3?5NULL?5state?5po@ 00415878     LIBCD:dbgheap.obj
 0002:000008a0       ??_C@_0BH@PKIJ@Object?5dump?5complete?4?6?$AA@ 004158a0     LIBCD:dbgheap.obj
 0002:000008b8       ??_C@_0DB@DBPF@crt?5block?5at?50x?$CF08X?0?5subtype?5?$CFx?0@ 004158b8     LIBCD:dbgheap.obj
 0002:000008ec       ??_C@_0CI@JLM@normal?5block?5at?50x?$CF08X?0?5?$CFu?5bytes@ 004158ec     LIBCD:dbgheap.obj
 0002:00000914       ??_C@_0DE@PFEA@client?5block?5at?50x?$CF08X?0?5subtype?5@ 00415914     LIBCD:dbgheap.obj
 0002:00000948       ??_C@_06MBCE@?$HL?$CFld?$HN?5?$AA@ 00415948     LIBCD:dbgheap.obj
 0002:00000950       ??_C@_0L@BLDJ@?$CFhs?$CI?$CFd?$CJ?5?3?5?$AA@ 00415950     LIBCD:dbgheap.obj
 0002:0000095c       ??_C@_0BE@FEMA@?$CDFile?5Error?$CD?$CI?$CFd?$CJ?5?3?5?$AA@ 0041595c     LIBCD:dbgheap.obj
 0002:00000970       ??_C@_0BE@FPPM@Dumping?5objects?5?9?$DO?6?$AA@ 00415970     LIBCD:dbgheap.obj
 0002:00000984       ??_C@_0BA@POLM@?5Data?3?5?$DM?$CFs?$DO?5?$CFs?6?$AA@ 00415984     LIBCD:dbgheap.obj
 0002:00000994       ??_C@_05JLAO@?$CF?42X?5?$AA@ 00415994     LIBCD:dbgheap.obj
 0002:0000099c       ??_C@_0BI@KONA@Detected?5memory?5leaks?$CB?6?$AA@ 0041599c     LIBCD:dbgheap.obj
 0002:000009b4       ??_C@_0BP@LCCN@Total?5allocations?3?5?$CFld?5bytes?4?6?$AA@ 004159b4     LIBCD:dbgheap.obj
 0002:000009d4       ??_C@_0CB@COID@Largest?5number?5used?3?5?$CFld?5bytes?4?6@ 004159d4     LIBCD:dbgheap.obj
 0002:000009f8       ??_C@_0BO@MEJD@?$CFld?5bytes?5in?5?$CFld?5?$CFhs?5Blocks?4?6?$AA@ 004159f8     LIBCD:dbgheap.obj
 0002:00000a18       ??_C@_0L@OFGA@dbgdel?4cpp?$AA@ 00415a18     LIBCD:dbgdel.obj
 0002:00000a24       ??_C@_0P@LNLA@format?5?$CB?$DN?5NULL?$AA@ 00415a24     LIBCD:sprintf.obj
 0002:00000a34       ??_C@_09NEAG@sprintf?4c?$AA@ 00415a34     LIBCD:sprintf.obj
 0002:00000a40       ??_C@_0P@OOIN@string?5?$CB?$DN?5NULL?$AA@ 00415a40     LIBCD:sprintf.obj
 0002:00000a5c       ??_C@_0BB@BLL@Assertion?5Failed?$AA@ 00415a5c     LIBCD:dbgrpt.obj
 0002:00000a70       ??_C@_05CKBG@Error?$AA@    00415a70     LIBCD:dbgrpt.obj
 0002:00000a78       ??_C@_07JCGI@Warning?$AA@  00415a78     LIBCD:dbgrpt.obj
 0002:00000a80       ??_C@_0M@ODEP@?$CFs?$CI?$CFd?$CJ?5?3?5?$CFs?$AA@ 00415a80     LIBCD:dbgrpt.obj
 0002:00000a8c       ??_C@_01BJG@?6?$AA@        00415a8c     LIBCD:dbgrpt.obj
 0002:00000a90       ??_C@_01FEHD@?$AN?$AA@     00415a90     LIBCD:dbgrpt.obj
 0002:00000a94       ??_C@_0BC@OIMC@Assertion?5failed?$CB?$AA@ 00415a94     LIBCD:dbgrpt.obj
 0002:00000aa8       ??_C@_0BD@BEAK@Assertion?5failed?3?5?$AA@ 00415aa8     LIBCD:dbgrpt.obj
 0002:00000abc       ??_C@_0CL@LCCP@_CrtDbgReport?3?5String?5too?5long?5o@ 00415abc     LIBCD:dbgrpt.obj
 0002:00000ae8       ??_C@_0DC@EMDK@Second?5Chance?5Assertion?5Failed?3?5@ 00415ae8     LIBCD:dbgrpt.obj
 0002:00000b1c       ??_C@_09NJAK@wsprintfA?$AA@ 00415b1c     LIBCD:dbgrpt.obj
 0002:00000b28       ??_C@_0L@HKL@user32?4dll?$AA@ 00415b28     LIBCD:dbgrpt.obj
 0002:00000b34       ??_C@_0CD@GCMD@Microsoft?5Visual?5C?$CL?$CL?5Debug?5Libra@ 00415b34     LIBCD:dbgrpt.obj
 0002:00000b58       ??_C@_0FD@EBDD@Debug?5?$CFs?$CB?6?6Program?3?5?$CFs?$CFs?$CFs?$CFs?$CFs?$CFs@ 00415b58     LIBCD:dbgrpt.obj
 0002:00000bac       ??_C@_09DCKN@?6Module?3?5?$AA@ 00415bac     LIBCD:dbgrpt.obj
 0002:00000bb8       ??_C@_07HJII@?6File?3?5?$AA@ 00415bb8     LIBCD:dbgrpt.obj
 0002:00000bc0       ??_C@_07LFGN@?6Line?3?5?$AA@ 00415bc0     LIBCD:dbgrpt.obj
 0002:00000bc8       ??_C@_02JJJH@?6?6?$AA@     00415bc8     LIBCD:dbgrpt.obj
 0002:00000bcc       ??_C@_0N@NOAB@Expression?3?5?$AA@ 00415bcc     LIBCD:dbgrpt.obj
 0002:00000bdc       ??_C@_00A@?$AA@            00415bdc     LIBCD:dbgrpt.obj
 0002:00000be0       ??_C@_0HD@BHFH@?6?6For?5information?5on?5how?5your?5pr@ 00415be0     LIBCD:dbgrpt.obj
 0002:00000c54       ??_C@_03NAME@?4?4?4?$AA@   00415c54     LIBCD:dbgrpt.obj
 0002:00000c58       ??_C@_0BH@NNCD@?$DMprogram?5name?5unknown?$DO?$AA@ 00415c58     LIBCD:dbgrpt.obj
 0002:00000c70       ??_C@_08GFHP@dbgrpt?4c?$AA@ 00415c70     LIBCD:dbgrpt.obj
 0002:00000c7c       ??_C@_0BG@FBEA@szUserMessage?5?$CB?$DN?5NULL?$AA@ 00415c7c     LIBCD:dbgrpt.obj
 0002:00000c94       ??_C@_0DP@IHIN@?$CI?$CCinconsistent?5IOB?5fields?$CC?0?5stre@ 00415c94     LIBCD:_flsbuf.obj
 0002:00000cd4       ??_C@_09LGEI@_flsbuf?4c?$AA@ 00415cd4     LIBCD:_flsbuf.obj
 0002:00000ce0       ??_C@_0M@KJPK@str?5?$CB?$DN?5NULL?$AA@ 00415ce0     LIBCD:_flsbuf.obj
 0002:00000cec       ___lookuptable             00415cec     LIBCD:output.obj
 0002:00000d48       ??_C@_1O@POHA@?$AA?$CI?$AAn?$AAu?$AAl?$AAl?$AA?$CJ?$AA?$AA@ 00415d48     LIBCD:output.obj
 0002:00000d58       ??_C@_06ONKE@?$CInull?$CJ?$AA@ 00415d58     LIBCD:output.obj
 0002:00000d60       ??_C@_08MIHI@output?4c?$AA@ 00415d60     LIBCD:output.obj
 0002:00000d6c       ??_C@_0P@PIHB@ch?5?$CB?$DN?5_T?$CI?8?20?8?$CJ?$AA@ 00415d6c     LIBCD:output.obj
 0002:00000d80       __real@8@3fff8000000000000000 00415d80     LIBCD:testfdiv.obj
 0002:00000d88       ??_C@_0BK@JEGK@IsProcessorFeaturePresent?$AA@ 00415d88     LIBCD:testfdiv.obj
 0002:00000da4       ??_C@_08OBID@KERNEL32?$AA@ 00415da4     LIBCD:testfdiv.obj
 0002:00000db0       __real@8@00000000000000000000 00415db0     LIBCD:cvt.obj
 0002:00000db8       ??_C@_05OFLO@e?$CL000?$AA@ 00415db8     LIBCD:cvt.obj
 0002:00000e38       ??_C@_09IGKD@stdenvp?4c?$AA@ 00415e38     LIBCD:stdenvp.obj
 0002:00000e44       ??_C@_09MPMN@stdargv?4c?$AA@ 00415e44     LIBCD:stdargv.obj
 0002:00000e50       ??_C@_07BNNE@a_env?4c?$AA@ 00415e50     LIBCD:a_env.obj
 0002:00000e58       ??_C@_08KFDJ@ioinit?4c?$AA@ 00415e58     LIBCD:ioinit.obj
 0002:00000e64       ??_C@_0P@GGKG@runtime?5error?5?$AA@ 00415e64     LIBCD:crt0msg.obj
 0002:00000e74       ??_C@_02PIMC@?$AN?6?$AA@   00415e74     LIBCD:crt0msg.obj
 0002:00000e78       ??_C@_0O@DELO@TLOSS?5error?$AN?6?$AA@ 00415e78     LIBCD:crt0msg.obj
 0002:00000e88       ??_C@_0N@OMLL@SING?5error?$AN?6?$AA@ 00415e88     LIBCD:crt0msg.obj
 0002:00000e98       ??_C@_0P@OJAK@DOMAIN?5error?$AN?6?$AA@ 00415e98     LIBCD:crt0msg.obj
 0002:00000ea8       ??_C@_0CF@EANP@R6028?$AN?6?9?5unable?5to?5initialize?5he@ 00415ea8     LIBCD:crt0msg.obj
 0002:00000ed0       ??_C@_0DF@ECGN@R6027?$AN?6?9?5not?5enough?5space?5for?5lo@ 00415ed0     LIBCD:crt0msg.obj
 0002:00000f08       ??_C@_0DF@FKAC@R6026?$AN?6?9?5not?5enough?5space?5for?5st@ 00415f08     LIBCD:crt0msg.obj
 0002:00000f40       ??_C@_0CG@DPMN@R6025?$AN?6?9?5pure?5virtual?5function?5c@ 00415f40     LIBCD:crt0msg.obj
 0002:00000f68       ??_C@_0DF@CKIP@R6024?$AN?6?9?5not?5enough?5space?5for?5_o@ 00415f68     LIBCD:crt0msg.obj
 0002:00000fa0       ??_C@_0CJ@GGOE@R6019?$AN?6?9?5unable?5to?5open?5console?5@ 00415fa0     LIBCD:crt0msg.obj
 0002:00000fcc       ??_C@_0CB@LBOB@R6018?$AN?6?9?5unexpected?5heap?5error?$AN?6@ 00415fcc     LIBCD:crt0msg.obj
 0002:00000ff0       ??_C@_0CN@FPEG@R6017?$AN?6?9?5unexpected?5multithread?5@ 00415ff0     LIBCD:crt0msg.obj
 0002:00001020       ??_C@_0CM@OBIC@R6016?$AN?6?9?5not?5enough?5space?5for?5th@ 00416020     LIBCD:crt0msg.obj
 0002:0000104c       ??_C@_0CB@HPAL@?$AN?6abnormal?5program?5termination?$AN?6@ 0041604c     LIBCD:crt0msg.obj
 0002:00001070       ??_C@_0CM@JOOB@R6009?$AN?6?9?5not?5enough?5space?5for?5en@ 00416070     LIBCD:crt0msg.obj
 0002:0000109c       ??_C@_0CK@OIBL@R6008?$AN?6?9?5not?5enough?5space?5for?5ar@ 0041609c     LIBCD:crt0msg.obj
 0002:000010c8       ??_C@_0CF@LKPB@R6002?$AN?6?9?5floating?5point?5not?5load@ 004160c8     LIBCD:crt0msg.obj
 0002:000010f0       ??_C@_0CF@JPDF@Microsoft?5Visual?5C?$CL?$CL?5Runtime?5Lib@ 004160f0     LIBCD:crt0msg.obj
 0002:00001118       ??_C@_0BK@DEOK@Runtime?5Error?$CB?6?6Program?3?5?$AA@ 00416118     LIBCD:crt0msg.obj
 0002:00001134       ??_C@_0L@HE@vsprintf?4c?$AA@ 00416134     LIBCD:vsnprint.obj
 0002:00001140       ??_C@_0BD@NJFP@GetLastActivePopup?$AA@ 00416140     LIBCD:crtmbox.obj
 0002:00001154       ??_C@_0BA@GILI@GetActiveWindow?$AA@ 00416154     LIBCD:crtmbox.obj
 0002:00001164       ??_C@_0M@PKCK@MessageBoxA?$AA@ 00416164     LIBCD:crtmbox.obj
 0002:00001170       ??_C@_01A@?$AA?$AA@        00416170     LIBCD:a_str.obj
 0002:00001174       ??_C@_13A@?$AA?$AA?$AA?$AA@ 00416174     LIBCD:a_str.obj
 0002:00001184       ??_C@_09EMDO@_getbuf?4c?$AA@ 00416184     LIBCD:_getbuf.obj
 0002:00001190       ??_C@_07HPAH@_file?4c?$AA@ 00416190     LIBCD:_file.obj
 0002:00001198       ??_C@_09LNLM@osfinfo?4c?$AA@ 00416198     LIBCD:osfinfo.obj
 0002:000011c0       ??_C@_06PAPI@1?$CDQNAN?$AA@ 004161c0     LIBCD:x10fout.obj
 0002:000011c8       ??_C@_05BGNL@1?$CDINF?$AA@ 004161c8     LIBCD:x10fout.obj
 0002:000011d0       ??_C@_05EDPF@1?$CDIND?$AA@ 004161d0     LIBCD:x10fout.obj
 0002:000011d8       ??_C@_06LKFM@1?$CDSNAN?$AA@ 004161d8     LIBCD:x10fout.obj
 0002:000011e0       ??_C@_08PHBD@fclose?4c?$AA@ 004161e0     LIBCD:fclose.obj
 0002:000011ec       ??_C@_0L@JIE@_freebuf?4c?$AA@ 004161ec     LIBCD:_freebuf.obj
 0002:000011f8       ??_C@_0P@FHEA@stream?5?$CB?$DN?5NULL?$AA@ 004161f8     LIBCD:_freebuf.obj
 0003:00000000       ___xc_a                    00417000     LIBCD:crt0init.obj
 0003:00000008       ___xc_z                    00417008     LIBCD:crt0init.obj
 0003:0000000c       ___xi_a                    0041700c     LIBCD:crt0init.obj
 0003:0000001c       ___xi_z                    0041701c     LIBCD:crt0init.obj
 0003:00000020       ___xp_a                    00417020     LIBCD:crt0init.obj
 0003:00000028       ___xp_z                    00417028     LIBCD:crt0init.obj
 0003:0000002c       ___xt_a                    0041702c     LIBCD:crt0init.obj
 0003:00000034       ___xt_z                    00417034     LIBCD:crt0init.obj
 0003:00000040       _dwCodeLength              00417040     RLE.obj
 0003:00000044       _gPort                     00417044     Server.obj
 0003:00000048       _nGridX                    00417048     Server.obj
 0003:0000004c       _nGridY                    0041704c     Server.obj
 0003:00000050       _iCompressionLevel         00417050     Server.obj
 0003:00000054       _bmBitsPixel               00417054     Server.obj
 0003:00000060       __crtDbgFlag               00417060     LIBCD:dbgheap.obj
 0003:00000068       __crtBreakAlloc            00417068     LIBCD:dbgheap.obj
 0003:00000090       __fltused                  00417090     LIBCD:fpinit.obj
 0003:00000094       __ldused                   00417094     LIBCD:fpinit.obj
 0003:00000098       __FPinit                   00417098     LIBCD:fpinit.obj
 0003:0000009c       __FPmtinit                 0041709c     LIBCD:fpinit.obj
 0003:000000a0       __FPmtterm                 004170a0     LIBCD:fpinit.obj
 0003:000000b0       __NLG_Destination          004170b0     LIBCD:exsup.obj
 0003:000000c0       __aexit_rtn                004170c0     LIBCD:wincrt0.obj
 0003:000000c4       ___app_type                004170c4     LIBCD:wincrt0.obj
 0003:000000c8       __pfnAllocHook             004170c8     LIBCD:dbghook.obj
 0003:000000cc       __crtAssertBusy            004170cc     LIBCD:dbgrpt.obj
 0003:000000d0       __CrtDbgMode               004170d0     LIBCD:dbgrpt.obj
 0003:000000dc       __CrtDbgFile               004170dc     LIBCD:dbgrpt.obj
 0003:000000f4       __amblksiz                 004170f4     LIBCD:heapinit.obj
 0003:000000f8       ___sbh_threshold           004170f8     LIBCD:sbheap.obj
 0003:000000fc       __pctype                   004170fc     LIBCD:ctype.obj
 0003:00000100       __pwctype                  00417100     LIBCD:ctype.obj
 0003:00000104       __ctype                    00417104     LIBCD:ctype.obj
 0003:00000308       ___mb_cur_max              00417308     LIBCD:nlsdata1.obj
 0003:0000030c       ___decimal_point           0041730c     LIBCD:nlsdata1.obj
 0003:00000310       ___decimal_point_length    00417310     LIBCD:nlsdata1.obj
 0003:00000314       ___nullstring              00417314     LIBCD:output.obj
 0003:00000318       ___wnullstring             00417318     LIBCD:output.obj
 0003:00000324       __cfltcvt_tab              00417324     LIBCD:cmiscdat.obj
 0003:00000340       ?__pUnexpected@@3P6AXXZA   00417340     LIBCD:hooks.obj
 0003:00000344       ?__pInconsistency@@3P6AXXZA 00417344     LIBCD:hooks.obj
 0003:00000348       __XcptActTab               00417348     LIBCD:winxfltr.obj
 0003:000003c0       __First_FPE_Indx           004173c0     LIBCD:winxfltr.obj
 0003:000003c4       __Num_FPE                  004173c4     LIBCD:winxfltr.obj
 0003:000003c8       __XcptActTabCount          004173c8     LIBCD:winxfltr.obj
 0003:000003cc       __fpecode                  004173cc     LIBCD:winxfltr.obj
 0003:000003d0       ___badioinfo               004173d0     LIBCD:ioinit.obj
 0003:00000470       __iob                      00417470     LIBCD:_file.obj
 0003:00000980       __pow10pos                 00417980     LIBCD:constpow.obj
 0003:00000ae0       __pow10neg                 00417ae0     LIBCD:constpow.obj
 0003:00000c40       ?m_ip@CMainWnd@@2PAEA      00417c40     MainWnd.obj
 0003:00000c44       ?dwThreadId@@3KA           00417c44     MainWnd.obj
 0003:00000c48       ?hThread@@3PAXA            00417c48     MainWnd.obj
 0003:00000c4c       _hDDC                      00417c4c     Server.obj
 0003:00000c50       _fChange                   00417c50     Server.obj
 0003:00000c54       _fDIBitmap                 00417c54     Server.obj
 0003:00000c58       ?pWindow@@3PAVCMainWnd@@A  00417c58     WndProc.obj
 0003:00000c70       ___fastflag                00417c70     LIBCD:fpinit.obj
 0003:00000c74       __adjust_fdiv              00417c74     LIBCD:fpinit.obj
 0003:00000c78       __aenvptr                  00417c78     LIBCD:wincrt0.obj
 0003:00000c7c       __wenvptr                  00417c7c     LIBCD:wincrt0.obj
 0003:00000c80       ___error_mode              00417c80     LIBCD:wincrt0.obj
 0003:00000c84       __newmode                  00417c84     LIBCD:_newmode.obj
 0003:00000c88       ?_pnhHeap@@3P6AHI@ZA       00417c88     LIBCD:handler.obj
 0003:00000c90       _errno                     00417c90     LIBCD:crt0dat.obj
 0003:00000c94       __doserrno                 00417c94     LIBCD:crt0dat.obj
 0003:00000c98       __umaskval                 00417c98     LIBCD:crt0dat.obj
 0003:00000c9c       __osver                    00417c9c     LIBCD:crt0dat.obj
 0003:00000ca0       __winver                   00417ca0     LIBCD:crt0dat.obj
 0003:00000ca4       __winmajor                 00417ca4     LIBCD:crt0dat.obj
 0003:00000ca8       __winminor                 00417ca8     LIBCD:crt0dat.obj
 0003:00000cac       ___argc                    00417cac     LIBCD:crt0dat.obj
 0003:00000cb0       ___argv                    00417cb0     LIBCD:crt0dat.obj
 0003:00000cb4       ___wargv                   00417cb4     LIBCD:crt0dat.obj
 0003:00000cb8       __environ                  00417cb8     LIBCD:crt0dat.obj
 0003:00000cbc       ___initenv                 00417cbc     LIBCD:crt0dat.obj
 0003:00000cc0       __wenviron                 00417cc0     LIBCD:crt0dat.obj
 0003:00000cc4       ___winitenv                00417cc4     LIBCD:crt0dat.obj
 0003:00000cc8       __pgmptr                   00417cc8     LIBCD:crt0dat.obj
 0003:00000ccc       __wpgmptr                  00417ccc     LIBCD:crt0dat.obj
 0003:00000cd0       __exitflag                 00417cd0     LIBCD:crt0dat.obj
 0003:00000cd4       __C_Termination_Done       00417cd4     LIBCD:crt0dat.obj
 0003:00000cd8       __C_Exit_Done              00417cd8     LIBCD:crt0dat.obj
 0003:00000d08       ?_pCurrentException@@3PAUEHExceptionRecord@@A 00417d08     LIBCD:frame.obj
 0003:00000d0c       ?_pCurrentExContext@@3PAU_CONTEXT@@A 00417d0c     LIBCD:frame.obj
 0003:00000d10       ?__pSETranslator@@3P6AXIPAU_EXCEPTION_POINTERS@@@ZA 00417d10     LIBCD:hooks.obj
 0003:00000d14       ?__pTerminate@@3P6AXXZA    00417d14     LIBCD:hooks.obj
 0003:00000d18       __pxcptinfoptrs            00417d18     LIBCD:winxfltr.obj
 0003:00000e24       __adbgmsg                  00417e24     LIBCD:crt0msg.obj
 0003:00000e4c       __cflush                   00417e4c     LIBCD:_file.obj
 0003:00000e88       ___lc_handle               00417e88     LIBCD:nlsdata2.obj
 0003:00000ea0       ___lc_codepage             00417ea0     LIBCD:nlsdata2.obj
 0003:00000ea4       ___lc_collate_cp           00417ea4     LIBCD:nlsdata2.obj
 0003:00000eac       _dwLen                     00417eac     <common>
 0003:00000eb0       _dwCompress                00417eb0     <common>
 0003:00000ec0       _GdiStart                  00417ec0     <common>
 0003:00000f58       _pGdiNode                  00417f58     <common>
 0003:00000f5c       _hMemDC                    00417f5c     <common>
 0003:00000f60       _hNullDC                   00417f60     <common>
 0003:00000f64       _iWidth                    00417f64     <common>
 0003:00000f68       _Listen                    00417f68     <common>
 0003:00000f6c       _Socket                    00417f6c     <common>
 0003:00000f70       _dwSendLen                 00417f70     <common>
 0003:00000f74       _hServerWnd                00417f74     <common>
 0003:00000f78       _iHeight                   00417f78     <common>
 0003:00000f7c       _wTreeSize                 00417f7c     <common>
 0003:00000f80       _dwMapping                 00417f80     <common>
 0003:00001380       _dwCodeCount               00418380     <common>
 0003:000013a0       _dwCodes                   004183a0     <common>
 0003:00001ba0       _dwByte                    00418ba0     <common>
 0003:00001fa0       _dwWeight                  00418fa0     <common>
 0003:000023a0       _dwBitTree                 004193a0     <common>
 0003:000026a0       _dwStorage                 004196a0     <common>
 0003:000026c0       _dwSymbols                 004196c0     <common>
 0003:00002ac0       _dwCounts                  00419ac0     <common>
 0003:00002ec0       _iElements                 00419ec0     <common>
 0003:00002ec4       _iTotalElements            00419ec4     <common>
 0003:00002ec8       _dwRootIndex               00419ec8     <common>
 0003:00002ee0       _wByteTree                 00419ee0     <common>
 0003:000034e0       _dwByteTree                0041a4e0     <common>
 0003:000040d4       ___mbcodepage              0041b0d4     <common>
 0003:000040e0       ___mbulinfo                0041b0e0     <common>
 0003:000040ec       ___ismbcodepage            0041b0ec     <common>
 0003:00004100       __mbcasemap                0041b100     <common>
 0003:00004200       __mbctype                  0041b200     <common>
 0003:00004304       ___mblcid                  0041b304     <common>
 0003:00004308       ___piob                    0041b308     <common>
 0003:00004320       __bufin                    0041b320     <common>
 0003:00005320       __nstream                  0041c320     <common>
 0003:00005340       ___pioinfo                 0041c340     <common>
 0003:00005440       __nhandle                  0041c440     <common>
 0003:00005444       ___sbh_sizeHeaderList      0041c444     <common>
 0003:00005448       ___sbh_indGroupDefer       0041c448     <common>
 0003:0000544c       ___sbh_pHeaderScan         0041c44c     <common>
 0003:00005450       ___sbh_pHeaderDefer        0041c450     <common>
 0003:00005454       ___sbh_cntHeaderList       0041c454     <common>
 0003:00005458       ___sbh_pHeaderList         0041c458     <common>
 0003:0000545c       ___env_initialized         0041c45c     <common>
 0003:00005460       ___mbctype_initialized     0041c460     <common>
 0003:00005464       ___onexitend               0041c464     <common>
 0003:00005468       ___onexitbegin             0041c468     <common>
 0003:0000546c       __crtheap                  0041c46c     <common>
 0003:00005470       __pfnReportHook            0041c470     <common>
 0003:00005474       __acmdln                   0041c474     <common>
 0003:00005478       __pfnDumpClient            0041c478     <common>
 0004:00000000       __IMPORT_DESCRIPTOR_WS2_32 0041d000     ws2_32:WS2_32.dll
 0004:00000014       __IMPORT_DESCRIPTOR_KERNEL32 0041d014     kernel32:KERNEL32.dll
 0004:00000028       __IMPORT_DESCRIPTOR_USER32 0041d028     user32:USER32.dll
 0004:0000003c       __IMPORT_DESCRIPTOR_GDI32  0041d03c     gdi32:GDI32.dll
 0004:00000050       __NULL_IMPORT_DESCRIPTOR   0041d050     ws2_32:WS2_32.dll
 0004:00000234       __imp__CreateCompatibleBitmap@12 0041d234     gdi32:GDI32.dll
 0004:00000238       __imp__SelectObject@8      0041d238     gdi32:GDI32.dll
 0004:0000023c       __imp__GetDIBits@28        0041d23c     gdi32:GDI32.dll
 0004:00000240       __imp__GetStockObject@4    0041d240     gdi32:GDI32.dll
 0004:00000244       __imp__BitBlt@36           0041d244     gdi32:GDI32.dll
 0004:00000248       __imp__GetObjectA@12       0041d248     gdi32:GDI32.dll
 0004:0000024c       __imp__DeleteObject@4      0041d24c     gdi32:GDI32.dll
 0004:00000250       __imp__CreateDCA@16        0041d250     gdi32:GDI32.dll
 0004:00000254       __imp__GetDeviceCaps@8     0041d254     gdi32:GDI32.dll
 0004:00000258       __imp__CreateCompatibleDC@4 0041d258     gdi32:GDI32.dll
 0004:0000025c       __imp__DeleteDC@4          0041d25c     gdi32:GDI32.dll
 0004:00000260       \177GDI32_NULL_THUNK_DATA  0041d260     gdi32:GDI32.dll
 0004:00000264       __imp__FlushFileBuffers@4  0041d264     kernel32:KERNEL32.dll
 0004:00000268       __imp__SetStdHandle@8      0041d268     kernel32:KERNEL32.dll
 0004:0000026c       __imp__GetOEMCP@0          0041d26c     kernel32:KERNEL32.dll
 0004:00000270       __imp__LCMapStringA@24     0041d270     kernel32:KERNEL32.dll
 0004:00000274       __imp__GetCPInfo@8         0041d274     kernel32:KERNEL32.dll
 0004:00000278       __imp__IsBadCodePtr@4      0041d278     kernel32:KERNEL32.dll
 0004:0000027c       __imp__GetACP@0            0041d27c     kernel32:KERNEL32.dll
 0004:00000280       __imp__SetFilePointer@16   0041d280     kernel32:KERNEL32.dll
 0004:00000284       __imp__GetStringTypeW@16   0041d284     kernel32:KERNEL32.dll
 0004:00000288       __imp__SetUnhandledExceptionFilter@4 0041d288     kernel32:KERNEL32.dll
 0004:0000028c       __imp__MultiByteToWideChar@24 0041d28c     kernel32:KERNEL32.dll
 0004:00000290       __imp__SetConsoleCtrlHandler@8 0041d290     kernel32:KERNEL32.dll
 0004:00000294       __imp__GetStringTypeA@20   0041d294     kernel32:KERNEL32.dll
 0004:00000298       __imp__CreateThread@24     0041d298     kernel32:KERNEL32.dll
 0004:0000029c       __imp__GetLastError@0      0041d29c     kernel32:KERNEL32.dll
 0004:000002a0       __imp__CloseHandle@4       0041d2a0     kernel32:KERNEL32.dll
 0004:000002a4       __imp__WideCharToMultiByte@32 0041d2a4     kernel32:KERNEL32.dll
 0004:000002a8       __imp__FreeEnvironmentStringsW@4 0041d2a8     kernel32:KERNEL32.dll
 0004:000002ac       __imp__VirtualFree@12      0041d2ac     kernel32:KERNEL32.dll
 0004:000002b0       __imp__HeapCreate@12       0041d2b0     kernel32:KERNEL32.dll
 0004:000002b4       __imp__HeapDestroy@4       0041d2b4     kernel32:KERNEL32.dll
 0004:000002b8       __imp__HeapFree@12         0041d2b8     kernel32:KERNEL32.dll
 0004:000002bc       __imp__HeapReAlloc@16      0041d2bc     kernel32:KERNEL32.dll
 0004:000002c0       __imp__GetModuleFileNameA@12 0041d2c0     kernel32:KERNEL32.dll
 0004:000002c4       __imp__InterlockedIncrement@4 0041d2c4     kernel32:KERNEL32.dll
 0004:000002c8       __imp__LoadLibraryA@4      0041d2c8     kernel32:KERNEL32.dll
 0004:000002cc       __imp__GetProcAddress@8    0041d2cc     kernel32:KERNEL32.dll
 0004:000002d0       __imp__OutputDebugStringA@4 0041d2d0     kernel32:KERNEL32.dll
 0004:000002d4       __imp__InterlockedDecrement@4 0041d2d4     kernel32:KERNEL32.dll
 0004:000002d8       __imp__WriteFile@20        0041d2d8     kernel32:KERNEL32.dll
 0004:000002dc       __imp__GetStdHandle@4      0041d2dc     kernel32:KERNEL32.dll
 0004:000002e0       __imp__DebugBreak@0        0041d2e0     kernel32:KERNEL32.dll
 0004:000002e4       __imp__HeapAlloc@12        0041d2e4     kernel32:KERNEL32.dll
 0004:000002e8       __imp__ExitProcess@4       0041d2e8     kernel32:KERNEL32.dll
 0004:000002ec       __imp__GetVersion@0        0041d2ec     kernel32:KERNEL32.dll
 0004:000002f0       __imp__GetCommandLineA@0   0041d2f0     kernel32:KERNEL32.dll
 0004:000002f4       __imp__GetStartupInfoA@4   0041d2f4     kernel32:KERNEL32.dll
 0004:000002f8       __imp__GetModuleHandleA@4  0041d2f8     kernel32:KERNEL32.dll
 0004:000002fc       __imp__RtlUnwind@16        0041d2fc     kernel32:KERNEL32.dll
 0004:00000300       __imp__HeapValidate@12     0041d300     kernel32:KERNEL32.dll
 0004:00000304       __imp__IsBadReadPtr@8      0041d304     kernel32:KERNEL32.dll
 0004:00000308       __imp__IsBadWritePtr@8     0041d308     kernel32:KERNEL32.dll
 0004:0000030c       __imp__SetHandleCount@4    0041d30c     kernel32:KERNEL32.dll
 0004:00000310       __imp__GetEnvironmentStringsW@0 0041d310     kernel32:KERNEL32.dll
 0004:00000314       __imp__LCMapStringW@24     0041d314     kernel32:KERNEL32.dll
 0004:00000318       __imp__GetEnvironmentStrings@0 0041d318     kernel32:KERNEL32.dll
 0004:0000031c       __imp__TerminateProcess@8  0041d31c     kernel32:KERNEL32.dll
 0004:00000320       __imp__FreeEnvironmentStringsA@4 0041d320     kernel32:KERNEL32.dll
 0004:00000324       __imp__UnhandledExceptionFilter@4 0041d324     kernel32:KERNEL32.dll
 0004:00000328       __imp__VirtualAlloc@16     0041d328     kernel32:KERNEL32.dll
 0004:0000032c       __imp__GetCurrentProcess@0 0041d32c     kernel32:KERNEL32.dll
 0004:00000330       __imp__GetFileType@4       0041d330     kernel32:KERNEL32.dll
 0004:00000334       \177KERNEL32_NULL_THUNK_DATA 0041d334     kernel32:KERNEL32.dll
 0004:00000338       __imp__DefWindowProcA@16   0041d338     user32:USER32.dll
 0004:0000033c       __imp__LoadIconA@8         0041d33c     user32:USER32.dll
 0004:00000340       __imp__LoadCursorA@8       0041d340     user32:USER32.dll
 0004:00000344       __imp__RegisterClassA@4    0041d344     user32:USER32.dll
 0004:00000348       __imp__CreateWindowExA@48  0041d348     user32:USER32.dll
 0004:0000034c       __imp__PeekMessageA@20     0041d34c     user32:USER32.dll
 0004:00000350       __imp__GetMessageA@16      0041d350     user32:USER32.dll
 0004:00000354       __imp__TranslateMessage@4  0041d354     user32:USER32.dll
 0004:00000358       __imp__DispatchMessageA@4  0041d358     user32:USER32.dll
 0004:0000035c       __imp__WaitMessage@0       0041d35c     user32:USER32.dll
 0004:00000360       __imp__GetDC@4             0041d360     user32:USER32.dll
 0004:00000364       __imp__mouse_event@20      0041d364     user32:USER32.dll
 0004:00000368       __imp__keybd_event@16      0041d368     user32:USER32.dll
 0004:0000036c       __imp__PostQuitMessage@4   0041d36c     user32:USER32.dll
 0004:00000370       __imp__DialogBoxParamA@20  0041d370     user32:USER32.dll
 0004:00000374       __imp__RedrawWindow@16     0041d374     user32:USER32.dll
 0004:00000378       __imp__SetDlgItemInt@16    0041d378     user32:USER32.dll
 0004:0000037c       __imp__SetDlgItemTextA@12  0041d37c     user32:USER32.dll
 0004:00000380       __imp__GetDlgItemInt@16    0041d380     user32:USER32.dll
 0004:00000384       __imp__EndDialog@8         0041d384     user32:USER32.dll
 0004:00000388       __imp__PostMessageA@16     0041d388     user32:USER32.dll
 0004:0000038c       __imp__ShowWindow@8        0041d38c     user32:USER32.dll
 0004:00000390       __imp__GetMenu@4           0041d390     user32:USER32.dll
 0004:00000394       __imp__EnableMenuItem@12   0041d394     user32:USER32.dll
 0004:00000398       __imp__MessageBoxA@16      0041d398     user32:USER32.dll
 0004:0000039c       \177USER32_NULL_THUNK_DATA 0041d39c     user32:USER32.dll
 0004:000003a0       __imp__bind@12             0041d3a0     ws2_32:WS2_32.dll
 0004:000003a4       __imp__gethostbyname@4     0041d3a4     ws2_32:WS2_32.dll
 0004:000003a8       __imp__WSASetLastError@4   0041d3a8     ws2_32:WS2_32.dll
 0004:000003ac       __imp__setsockopt@20       0041d3ac     ws2_32:WS2_32.dll
 0004:000003b0       __imp__gethostname@8       0041d3b0     ws2_32:WS2_32.dll
 0004:000003b4       __imp__htons@4             0041d3b4     ws2_32:WS2_32.dll
 0004:000003b8       __imp__closesocket@4       0041d3b8     ws2_32:WS2_32.dll
 0004:000003bc       __imp__htonl@4             0041d3bc     ws2_32:WS2_32.dll
 0004:000003c0       __imp__WSASocketA@24       0041d3c0     ws2_32:WS2_32.dll
 0004:000003c4       __imp__inet_ntoa@4         0041d3c4     ws2_32:WS2_32.dll
 0004:000003c8       __imp__WSAWaitForMultipleEvents@20 0041d3c8     ws2_32:WS2_32.dll
 0004:000003cc       __imp__WSACreateEvent@0    0041d3cc     ws2_32:WS2_32.dll
 0004:000003d0       __imp__WSASend@28          0041d3d0     ws2_32:WS2_32.dll
 0004:000003d4       __imp__WSACloseEvent@4     0041d3d4     ws2_32:WS2_32.dll
 0004:000003d8       __imp__WSAResetEvent@4     0041d3d8     ws2_32:WS2_32.dll
 0004:000003dc       __imp__WSAGetOverlappedResult@20 0041d3dc     ws2_32:WS2_32.dll
 0004:000003e0       __imp__WSAEnumProtocolsA@12 0041d3e0     ws2_32:WS2_32.dll
 0004:000003e4       __imp__select@20           0041d3e4     ws2_32:WS2_32.dll
 0004:000003e8       __imp__recv@16             0041d3e8     ws2_32:WS2_32.dll
 0004:000003ec       __imp__listen@8            0041d3ec     ws2_32:WS2_32.dll
 0004:000003f0       __imp__WSAGetLastError@0   0041d3f0     ws2_32:WS2_32.dll
 0004:000003f4       __imp__accept@12           0041d3f4     ws2_32:WS2_32.dll
 0004:000003f8       __imp__WSACleanup@0        0041d3f8     ws2_32:WS2_32.dll
 0004:000003fc       __imp__WSAStartup@8        0041d3fc     ws2_32:WS2_32.dll
 0004:00000400       \177WS2_32_NULL_THUNK_DATA 0041d400     ws2_32:WS2_32.dll

 entry point at        0001:00007000

 Static symbols

 0001:00003b10       _$E3                       00404b10 f   WndProc.obj
 0001:00003b30       _$E2                       00404b30 f   WndProc.obj
 0001:00012860       _strncnt                   00413860 f   LIBCD:a_map.obj
 0001:00011c60       _flsall                    00412c60 f   LIBCD:fflush.obj
 0001:00011130       _getSystemCP               00412130 f   LIBCD:mbctype.obj
 0001:00011190       _CPtoLCID                  00412190 f   LIBCD:mbctype.obj
 0001:00011210       _setSBCS                   00412210 f   LIBCD:mbctype.obj
 0001:00011290       _setSBUpLow                00412290 f   LIBCD:mbctype.obj
 0001:00010dc0       _x_ismbbtype               00411dc0 f   LIBCD:ismbbyte.obj
 0001:00010320       __abstract_cw              00411320 f   LIBCD:ieee87.obj
 0001:000104a0       __hw_cw                    004114a0 f   LIBCD:ieee87.obj
 0001:00010600       __abstract_sw              00411600 f   LIBCD:ieee87.obj
 0001:0000ee51       L1                         0040fe51 f   LIBCD:ullrem.obj
 0001:0000ee5f       L3                         0040fe5f f   LIBCD:ullrem.obj
 0001:0000ee8a       L4                         0040fe8a f   LIBCD:ullrem.obj
 0001:0000ee92       L5                         0040fe92 f   LIBCD:ullrem.obj
 0001:0000eea1       L2                         0040fea1 f   LIBCD:ullrem.obj
 0001:0000ede2       L1                         0040fde2 f   LIBCD:ulldiv.obj
 0001:0000edf0       L3                         0040fdf0 f   LIBCD:ulldiv.obj
 0001:0000ee1e       L4                         0040fe1e f   LIBCD:ulldiv.obj
 0001:0000ee1f       L5                         0040fe1f f   LIBCD:ulldiv.obj
 0001:0000ee23       L2                         0040fe23 f   LIBCD:ulldiv.obj
 0001:0000e2a0       LeadUp1                    0040f2a0 f   LIBCD:memcpy.obj
 0001:0000e2cc       LeadUp2                    0040f2cc f   LIBCD:memcpy.obj
 0001:0000e2f0       LeadUp3                    0040f2f0 f   LIBCD:memcpy.obj
 0001:0000e36f       UnwindUp0                  0040f36f f   LIBCD:memcpy.obj
 0001:0000e35c       UnwindUp1                  0040f35c f   LIBCD:memcpy.obj
 0001:0000e354       UnwindUp2                  0040f354 f   LIBCD:memcpy.obj
 0001:0000e34c       UnwindUp3                  0040f34c f   LIBCD:memcpy.obj
 0001:0000e344       UnwindUp4                  0040f344 f   LIBCD:memcpy.obj
 0001:0000e33c       UnwindUp5                  0040f33c f   LIBCD:memcpy.obj
 0001:0000e334       UnwindUp6                  0040f334 f   LIBCD:memcpy.obj
 0001:0000e32c       UnwindUp7                  0040f32c f   LIBCD:memcpy.obj
 0001:0000e388       TrailUp0                   0040f388 f   LIBCD:memcpy.obj
 0001:0000e390       TrailUp1                   0040f390 f   LIBCD:memcpy.obj
 0001:0000e39c       TrailUp2                   0040f39c f   LIBCD:memcpy.obj
 0001:0000e3b0       TrailUp3                   0040f3b0 f   LIBCD:memcpy.obj
 0001:0000e428       LeadDown1                  0040f428 f   LIBCD:memcpy.obj
 0001:0000e448       LeadDown2                  0040f448 f   LIBCD:memcpy.obj
 0001:0000e470       LeadDown3                  0040f470 f   LIBCD:memcpy.obj
 0001:0000e4c4       UnwindDown7                0040f4c4 f   LIBCD:memcpy.obj
 0001:0000e4cc       UnwindDown6                0040f4cc f   LIBCD:memcpy.obj
 0001:0000e4d4       UnwindDown5                0040f4d4 f   LIBCD:memcpy.obj
 0001:0000e4dc       UnwindDown4                0040f4dc f   LIBCD:memcpy.obj
 0001:0000e4e4       UnwindDown3                0040f4e4 f   LIBCD:memcpy.obj
 0001:0000e4ec       UnwindDown2                0040f4ec f   LIBCD:memcpy.obj
 0001:0000e4f4       UnwindDown1                0040f4f4 f   LIBCD:memcpy.obj
 0001:0000e507       UnwindDown0                0040f507 f   LIBCD:memcpy.obj
 0001:0000e520       TrailDown0                 0040f520 f   LIBCD:memcpy.obj
 0001:0000e528       TrailDown1                 0040f528 f   LIBCD:memcpy.obj
 0001:0000e538       TrailDown2                 0040f538 f   LIBCD:memcpy.obj
 0001:0000e54c       TrailDown3                 0040f54c f   LIBCD:memcpy.obj
 0001:0000e250       CopyUp                     0040f250 f   LIBCD:memcpy.obj
 0001:0000e26c       CopyLeadUp                 0040f26c f   LIBCD:memcpy.obj
 0001:0000e284       ByteCopyUp                 0040f284 f   LIBCD:memcpy.obj
 0001:0000e28c       CopyUnwindUp               0040f28c f   LIBCD:memcpy.obj
 0001:0000e3c8       CopyDown                   0040f3c8 f   LIBCD:memcpy.obj
 0001:0000e3f0       CopyUnwindDown             0040f3f0 f   LIBCD:memcpy.obj
 0001:0000e3fc       CopyLeadDown               0040f3fc f   LIBCD:memcpy.obj
 0001:0000e414       ByteCopyDown               0040f414 f   LIBCD:memcpy.obj
 0001:0000dee0       _ctrlevent_capture@4       0040eee0 f   LIBCD:winsig.obj
 0001:0000e110       _siglookup                 0040f110 f   LIBCD:winsig.obj
 0001:0000d8a0       _xtoa                      0040e8a0 f   LIBCD:xtoa.obj
 0001:0000da20       _x64toa@20                 0040ea20 f   LIBCD:xtoa.obj
 0001:0000cb50       _parse_cmdline             0040db50 f   LIBCD:stdargv.obj
 0001:0000c800       _xcptlookup                0040d800 f   LIBCD:winxfltr.obj
 0001:0000b950       ?FindHandler@@YAXPAUEHExceptionRecord@@PAUEHRegistrationNode@@PAU_CONTEXT@@PAXPBU_s_FuncInfo@@EH1@Z 0040c950 f   LIBCD:frame.obj
 0001:0000bbf0       ?FindHandlerForForeignException@@YAXPAUEHExceptionRecord@@PAUEHRegistrationNode@@PAU_CONTEXT@@PAXPBU_s_FuncInfo@@HH1@Z 0040cbf0 f   LIBCD:frame.obj
 0001:0000bd10       ?TypeMatch@@YAHPBU_s_HandlerType@@PBU_s_CatchableType@@PBU_s_ThrowInfo@@@Z 0040cd10 f   LIBCD:frame.obj
 0001:0000bed0       ?FrameUnwindFilter@@YAHPAU_EXCEPTION_POINTERS@@@Z 0040ced0 f   LIBCD:frame.obj
 0001:0000bf00       ?CatchIt@@YAXPAUEHExceptionRecord@@PAUEHRegistrationNode@@PAU_CONTEXT@@PAXPBU_s_FuncInfo@@PBU_s_HandlerType@@PBU_s_CatchableType@@PBU_s_TryBlockMapEntry@@H1E@Z 0040cf00 f   LIBCD:frame.obj
 0001:0000bfc0       ?CallCatchBlock@@YAPAXPAUEHExceptionRecord@@PAUEHRegistrationNode@@PAU_CONTEXT@@PBU_s_FuncInfo@@PAXHK@Z 0040cfc0 f   LIBCD:frame.obj
 0001:0000c110       ?ExFilterRethrow@@YAHPAU_EXCEPTION_POINTERS@@@Z 0040d110 f   LIBCD:frame.obj
 0001:0000c160       ?BuildCatchObject@@YAXPAUEHExceptionRecord@@PAUEHRegistrationNode@@PBU_s_HandlerType@@PBU_s_CatchableType@@@Z 0040d160 f   LIBCD:frame.obj
 0001:0000c470       ?AdjustPointer@@YAPAXPAXABUPMD@@@Z 0040d470 f   LIBCD:frame.obj
 0001:0000b760       __cftoe_g                  0040c760 f   LIBCD:cvt.obj
 0001:0000b7a0       __cftof_g                  0040c7a0 f   LIBCD:cvt.obj
 0001:0000b830       __shift                    0040c830 f   LIBCD:cvt.obj
 0001:0000af39       hard                       0040bf39 f   LIBCD:llmul.obj
 0001:0000adb0       _write_char                0040bdb0 f   LIBCD:output.obj
 0001:0000ae30       _write_multi_char          0040be30 f   LIBCD:output.obj
 0001:0000ae70       _write_string              0040be70 f   LIBCD:output.obj
 0001:0000aec0       _get_int_arg               0040bec0 f   LIBCD:output.obj
 0001:0000aee0       _get_int64_arg             0040bee0 f   LIBCD:output.obj
 0001:0000af00       _get_short_arg             0040bf00 f   LIBCD:output.obj
 0001:00007f90       _doexit                    00408f90 f   LIBCD:crt0dat.obj
 0001:00008070       __initterm                 00409070 f   LIBCD:crt0dat.obj
 0001:000077b0       _CrtMessageWindow          004087b0 f   LIBCD:dbgrpt.obj
 0001:00007190       _fast_error_exit           00408190 f   LIBCD:wincrt0.obj
 0001:00006f28       _gu_return                 00407f28 f   LIBCD:exsup.obj
 0001:00006f30       __unwind_handler           00407f30 f   LIBCD:exsup.obj
 0001:00006ce0       ?CatchGuardHandler@@YA?AW4_EXCEPTION_DISPOSITION@@PAUEHExceptionRecord@@PAUCatchGuardRN@@PAX2@Z 00407ce0 f   LIBCD:trnsctrl.obj
 0001:00006df0       ?TranslatorGuardHandler@@YA?AW4_EXCEPTION_DISPOSITION@@PAUEHExceptionRecord@@PAUTranslatorGuardRN@@PAX2@Z 00407df0 f   LIBCD:trnsctrl.obj
 0001:00006ae0       _$$$00001                  00407ae0 f   LIBCD:chkstk.obj
 0001:00006aec       probepages                 00407aec f   LIBCD:chkstk.obj
 0001:00006b00       lastpage                   00407b00 f   LIBCD:chkstk.obj
 0001:00006930       _$$$00001                  00407930 f   LIBCD:strchr.obj
 0001:00006958       str_misaligned             00407958 f   LIBCD:strchr.obj
 0001:0000696b       main_loop_start            0040796b f   LIBCD:strchr.obj
 0001:00006976       main_loop                  00407976 f   LIBCD:strchr.obj
 0001:000069b2       retnull                    004079b2 f   LIBCD:strchr.obj
 0001:000069b4       retnull_bx                 004079b4 f   LIBCD:strchr.obj
 0001:000069b8       chr_is_found               004079b8 f   LIBCD:strchr.obj
 0001:000069e0       byte_3                     004079e0 f   LIBCD:strchr.obj
 0001:000069e7       byte_2                     004079e7 f   LIBCD:strchr.obj
 0001:000069ee       byte_1                     004079ee f   LIBCD:strchr.obj
 0001:000069f5       byte_0                     004079f5 f   LIBCD:strchr.obj
 0001:00006930       found_bx                   00407930 f   LIBCD:strchr.obj
 0001:00006854       src_misaligned             00407854 f   LIBCD:strncpy.obj
 0001:00006870       tail_loop_start            00407870 f   LIBCD:strncpy.obj
 0001:00006875       copy_tail_loop             00407875 f   LIBCD:strncpy.obj
 0001:00006882       fill_tail_end1             00407882 f   LIBCD:strncpy.obj
 0001:0000688a       align_dest                 0040788a f   LIBCD:strncpy.obj
 0001:00006892       dest_align_loop            00407892 f   LIBCD:strncpy.obj
 0001:000068a4       dest_align_loop_end        004078a4 f   LIBCD:strncpy.obj
 0001:000068ab       finish_loop                004078ab f   LIBCD:strncpy.obj
 0001:000068ae       fill_tail_zero_bytes       004078ae f   LIBCD:strncpy.obj
 0001:000068b3       finish                     004078b3 f   LIBCD:strncpy.obj
 0001:000068b9       main_loop                  004078b9 f   LIBCD:strncpy.obj
 0001:000068c1       main_loop_entrance         004078c1 f   LIBCD:strncpy.obj
 0001:000068f7       byte_2                     004078f7 f   LIBCD:strncpy.obj
 0001:00006901       byte_1                     00407901 f   LIBCD:strncpy.obj
 0001:0000690b       byte_0                     0040790b f   LIBCD:strncpy.obj
 0001:0000690f       fill_with_EOS_dwords       0040790f f   LIBCD:strncpy.obj
 0001:00006917       fill_dwords_with_EOS       00407917 f   LIBCD:strncpy.obj
 0001:00006919       fill_with_EOS_loop         00407919 f   LIBCD:strncpy.obj
 0001:00006921       fill_tail                  00407921 f   LIBCD:strncpy.obj
 0001:00006926       fill_tail_end              00407926 f   LIBCD:strncpy.obj
 0001:000067b0       dodwords                   004077b0 f   LIBCD:strcmp.obj
 0001:000067e0       doneeq                     004077e0 f   LIBCD:strcmp.obj
 0001:000067e4       donene                     004077e4 f   LIBCD:strcmp.obj
 0001:000067ec       dopartial                  004077ec f   LIBCD:strcmp.obj
 0001:00006808       doword                     00407808 f   LIBCD:strcmp.obj
 0001:000064aa       okay                       004074aa f   LIBCD:strncmp.obj
 0001:000064bd       firstbig                   004074bd f   LIBCD:strncmp.obj
 0001:000064bf       lastbig                    004074bf f   LIBCD:strncmp.obj
 0001:000064c1       toend                      004074c1 f   LIBCD:strncmp.obj
 0001:0000641c       str_misaligned             0040741c f   LIBCD:strlen.obj
 0001:00006430       main_loop                  00407430 f   LIBCD:strlen.obj
 0001:00006463       byte_3                     00407463 f   LIBCD:strlen.obj
 0001:0000646d       byte_2                     0040746d f   LIBCD:strlen.obj
 0001:00006477       byte_1                     00407477 f   LIBCD:strlen.obj
 0001:00006481       byte_0                     00407481 f   LIBCD:strlen.obj
 0001:000063d3       adjust_loop                004073d3 f   LIBCD:memset.obj
 0001:000063d9       dwords                     004073d9 f   LIBCD:memset.obj
 0001:000063f3       main_loop_tail             004073f3 f   LIBCD:memset.obj
 0001:000063f7       tail                       004073f7 f   LIBCD:memset.obj
 0001:000063fd       finish                     004073fd f   LIBCD:memset.obj
 0001:00006403       toend                      00407403 f   LIBCD:memset.obj
 0001:000060e0       LeadUp1                    004070e0 f   LIBCD:memmove.obj
 0001:0000610c       LeadUp2                    0040710c f   LIBCD:memmove.obj
 0001:00006130       LeadUp3                    00407130 f   LIBCD:memmove.obj
 0001:000061af       UnwindUp0                  004071af f   LIBCD:memmove.obj
 0001:0000619c       UnwindUp1                  0040719c f   LIBCD:memmove.obj
 0001:00006194       UnwindUp2                  00407194 f   LIBCD:memmove.obj
 0001:0000618c       UnwindUp3                  0040718c f   LIBCD:memmove.obj
 0001:00006184       UnwindUp4                  00407184 f   LIBCD:memmove.obj
 0001:0000617c       UnwindUp5                  0040717c f   LIBCD:memmove.obj
 0001:00006174       UnwindUp6                  00407174 f   LIBCD:memmove.obj
 0001:0000616c       UnwindUp7                  0040716c f   LIBCD:memmove.obj
 0001:000061c8       TrailUp0                   004071c8 f   LIBCD:memmove.obj
 0001:000061d0       TrailUp1                   004071d0 f   LIBCD:memmove.obj
 0001:000061dc       TrailUp2                   004071dc f   LIBCD:memmove.obj
 0001:000061f0       TrailUp3                   004071f0 f   LIBCD:memmove.obj
 0001:00006268       LeadDown1                  00407268 f   LIBCD:memmove.obj
 0001:00006288       LeadDown2                  00407288 f   LIBCD:memmove.obj
 0001:000062b0       LeadDown3                  004072b0 f   LIBCD:memmove.obj
 0001:00006304       UnwindDown7                00407304 f   LIBCD:memmove.obj
 0001:0000630c       UnwindDown6                0040730c f   LIBCD:memmove.obj
 0001:00006314       UnwindDown5                00407314 f   LIBCD:memmove.obj
 0001:0000631c       UnwindDown4                0040731c f   LIBCD:memmove.obj
 0001:00006324       UnwindDown3                00407324 f   LIBCD:memmove.obj
 0001:0000632c       UnwindDown2                0040732c f   LIBCD:memmove.obj
 0001:00006334       UnwindDown1                00407334 f   LIBCD:memmove.obj
 0001:00006347       UnwindDown0                00407347 f   LIBCD:memmove.obj
 0001:00006360       TrailDown0                 00407360 f   LIBCD:memmove.obj
 0001:00006368       TrailDown1                 00407368 f   LIBCD:memmove.obj
 0001:00006378       TrailDown2                 00407378 f   LIBCD:memmove.obj
 0001:0000638c       TrailDown3                 0040738c f   LIBCD:memmove.obj
 0001:00006090       CopyUp                     00407090 f   LIBCD:memmove.obj
 0001:000060ac       CopyLeadUp                 004070ac f   LIBCD:memmove.obj
 0001:000060c4       ByteCopyUp                 004070c4 f   LIBCD:memmove.obj
 0001:000060cc       CopyUnwindUp               004070cc f   LIBCD:memmove.obj
 0001:00006208       CopyDown                   00407208 f   LIBCD:memmove.obj
 0001:00006230       CopyUnwindDown             00407230 f   LIBCD:memmove.obj
 0001:0000623c       CopyLeadDown               0040723c f   LIBCD:memmove.obj
 0001:00006254       ByteCopyDown               00407254 f   LIBCD:memmove.obj
 0001:00004520       _realloc_help              00405520 f   LIBCD:dbgheap.obj
 0001:000050e0       _CheckBytes                004060e0 f   LIBCD:dbgheap.obj
 0001:00005c70       __printMemBlockData        00406c70 f   LIBCD:dbgheap.obj
 0001:00003f7d       dest_misaligned            00404f7d f   LIBCD:strcat.obj
 0001:00003f8c       find_end_of_dest_string_loop 00404f8c f   LIBCD:strcat.obj
 0001:00003fbf       start_byte_3               00404fbf f   LIBCD:strcat.obj
 0001:00003fc4       start_byte_2               00404fc4 f   LIBCD:strcat.obj
 0001:00003fc9       start_byte_1               00404fc9 f   LIBCD:strcat.obj
 0001:00003fce       start_byte_0               00404fce f   LIBCD:strcat.obj
 0001:00003fdd       src_misaligned             00404fdd f   LIBCD:strcat.obj
 0001:00003ff1       main_loop                  00404ff1 f   LIBCD:strcat.obj
 0001:00003ff6       main_loop_entrance         00404ff6 f   LIBCD:strcat.obj
 0001:0000402a       byte_3                     0040502a f   LIBCD:strcat.obj
 0001:00004032       byte_2                     00405032 f   LIBCD:strcat.obj
 0001:0000403f       byte_1                     0040503f f   LIBCD:strcat.obj
 0001:00004048       byte_0                     00405048 f   LIBCD:strcat.obj
 0001:00003fd1       copy_start                 00404fd1 f   LIBCD:strcat.obj

FIXUPS: 6c2c 1f 8c 69 2a 34 39 16 7c 2a 28 fffff2dc 51 2b 28 28 28 a0 2b
FIXUPS: 6388 2b 39 20 49 33 142 17 1c 4c 58 b1 fd 76 11e a1 20 31 28 4f
FIXUPS: 6b86 31 18 45 ffffee3e 29 1f 2a 1c 50 1d 1f 62 34 3b 2b 3b 45 2b
FIXUPS: 5d1f 41 6b 56 36 c 2b 1c 2c 1c 18 1f 62 51 60 5a ac fffff027 69
FIXUPS: 51fa 5f 54 21 128 1e 1b 33 2f 51 29 3c 21 1b 1c 6b 28 32 4f 18
FIXUPS: 56ea 5b 66 25 25 b3 19 59 5f 54 22f1 4f 131 19 4d 4a fffffc2c fffffeed
FIXUPS: 7a0c a fffffd22 3f d fffffd66 85 69 33 8c 34 fffff8d1 2a 45 4b
FIXUPS: 6f3d 1f ffffe108 26 28 23 20 29 2f 372a 14 26 19d 18 19 19 a fffff78c
FIXUPS: 8259 29 32 fffffdcb e f 10 a 5 5 16 39 c 17 10 2b 9 27 9 fffffd7e
FIXUPS: 7bc8 60 33 f1d 24 2c 18 3f 10 70 10 55 fffffdd1 2f fffff925 10b
FIXUPS: 855e 18 38 16 2b 14 2e 18 18 7a 63 34 47 1e d 2f 15 11 1d 3435
FIXUPS: bdfb 55 53 ffffef7d 108 10 3e 54 4b 28 fffffd9c ffffe999 191 19
FIXUPS: a6fc ffffe7f1 12 1d 20 1e 20 8d 12 13 19 fffffdc8 ffffff6f 58 ffffff5d
FIXUPS: 8d4a fffffe17 3cdd 17 fffff895 ffffff54 ffffff44 36 fffff1be 34
FIXUPS: b1ce cb 67 133 18 21 34 30 a8 e2 142 ba 31 1e 2a 1b 11d 25 122
FIXUPS: bb6c 30 75 32 22 16de 28 14 15 14 7 17 6b 20 ffffecbd 28 19f 20
FIXUPS: c34c 14 32 64 140 2a 34 35 6b 12 29 43 5a 3d 33 3c 38 1c 1a 600
FIXUPS: ce5c 12 38 4c 31 16 f 17 37 19 92 18 20 62 a f3 12 24 f 1f 12 1e
FIXUPS: d292 f 1c 12 21 d a 13 16 65e 1f 29 26 17 12 1c fffffe2d 41 fffffdac
FIXUPS: d57b 38 78 fffffeb4 22 fffff37a 32 92 3f 6a 15 31 51 ba 3c 27 37
FIXUPS: cbdd 3f 25 b2 65 18d8 77 3a 59 15 17 1d 14 13 14 1a 19 fffffd76
FIXUPS: e574 11 2f 25 fffffbdf 13 dd 23f fffffb8d 4a 94 2b fffff903 56
FIXUPS: daf4 13 22 fffffe07 36 22e0 18 a6 10 fffffdda 37 fffffd8f 1ae fffffd1f
FIXUPS: f7da fffffead 1d fffff7a0 182 35 fffffc6b 2a 44 4b fffffe4d 2a
FIXUPS: ebda 4b fffffc49 18 11b 21 4b 5d 17 b5 fffffade 2746 8c 152 6d
FIXUPS: 111dd 13 ffffeda4 41 8c 14 26f 19 1c 13 2a 3a 10 13 16 26 1e 41
FIXUPS: 104e1 20 68 82 10 30 10 30 10 fffff596 203b 20 20 23 20 20 20 1d
FIXUPS: 11d4c 20 2d fffffe8d a a fffffee0 14 ffffffb8 fffffe19 29 ffffffa0
FIXUPS: 118df fffffe26 a7 fffffa75 21 21 24 2a 23 fffff686 14d eb 23ca
FIXUPS: 12f68 10 c 27 6c fffffb25 e 28 76 6e 7d 41 fffffdca 2b fffffc2b
FIXUPS: 129f3 2d 2f fffff3ec 23 5 111 43 107 4a 12 5 25e 35 35 1e8 1a18
FIXUPS: 14010 2a fffffed7 ffffff0b 27 f f 27 fffffb5a 43 33 24 bd 2d 9b
FIXUPS: 13c33 43 c 10 c fffff947 98 f6 fffffb25 70 4f 1df fffff861 21 35
FIXUPS: 12e22 fffef29d 32 4a fffff266 109 20 90 20 100 1c 5 24 8 13 1e5
FIXUPS: 18d9 5d 4a 1c fffff713 1a9 f 12 c fffffd87 28 5b 12fde 3a ffffff09
FIXUPS: 13fcb c ffff04bb 48 57 a0 41 427 23 14 19 29 ffffd022 18 24 13
FIXUPS: 1bfa 15 2f 23 32 5 12b b2 5 9f 8e 18 4d 1d 1b 2d 38 c 1db8 13 76
FIXUPS: 3f2a 33 35 3f 3a 1d 29 4b 26 4e 27 3f 26 34 2f 1e 2e 2a 3a 14 10
FIXUPS: 4317 c 11 13 3c 1a 10 77 ffffeec4 f 1a 22 15 f 14 20b 1a5 5d 1be
FIXUPS: 3a1d 18a 47 18 45 25 75 18 c 11 13 2d 18 c 11 13 37 2d 35 15 c
FIXUPS: 2a34 1d 13 83 2a 2b 2b 2b 2b 2b 2b 28 28 28 2c 24 24 8e 11 301
FIXUPS: 30c9 28 2c 24 24 24 a3 20 22 22 22 23 1845 37 1b f6a9 c ffff09a7
FIXUPS: 4be2 15d 1b 31 34 ffffd6bd 1f 41 82 c9 22 103 42 16 21 13 f 2c
FIXUPS: 2823 1b 46 15 105 41 1a 1f
